Archive member included to satisfy reference by file (symbol)

C:/devkitPro/libnds/lib\libnds9.a(console.o)
                              main.o (consoleSelect)
C:/devkitPro/libnds/lib\libnds9.a(keys.o)
                              main.o (scanKeys)
C:/devkitPro/libnds/lib\libnds9.a(default_font.bin.o)
                              C:/devkitPro/libnds/lib\libnds9.a(console.o) (default_font_bin)
C:/devkitPro/libnds/lib\libnds9.a(background.o)
                              C:/devkitPro/libnds/lib\libnds9.a(console.o) (bgState)
C:/devkitPro/libnds/lib\libnds9.a(trig.o)
                              C:/devkitPro/libnds/lib\libnds9.a(background.o) (sinLerp)
C:/devkitPro/calico/lib\libcalico_ds9.a(thread_cold.o)
                              main.o (threadIrqWait)
C:/devkitPro/calico/lib\libcalico_ds9.a(thread_hot.32.o)
                              C:/devkitPro/calico/lib\libcalico_ds9.a(thread_cold.o) (__sched_state)
C:/devkitPro/calico/lib\libcalico_ds9.a(arm-copy-fill.32.o)
                              C:/devkitPro/calico/lib\libcalico_ds9.a(thread_cold.o) (armCopyMem32)
C:/devkitPro/calico/lib\libcalico_ds9.a(arm-context.32.o)
                              C:/devkitPro/calico/lib\libcalico_ds9.a(thread_cold.o) (armContextSave)
C:/devkitPro/calico/lib\libcalico_ds9.a(arm-shims.32.o)
                              C:/devkitPro/calico/lib\libcalico_ds9.a(thread_cold.o) (armWaitForIrq)
C:/devkitPro/calico/lib\libcalico_ds9.a(keypad.o)
                              C:/devkitPro/libnds/lib\libnds9.a(keys.o) (keypadGetState)
C:/devkitPro/calico/lib\libcalico_ds9.a(bootstub_arm9.o)
                              (__ds9_bootstub)
C:/devkitPro/calico/lib\libcalico_ds9.a(excpt_handler.32.o)
                              C:/devkitPro/calico/lib\libcalico_ds9.a(bootstub_arm9.o) (__arm_excpt_rst)
C:/devkitPro/calico/lib\libcalico_ds9.a(touch.o)
                              C:/devkitPro/libnds/lib\libnds9.a(keys.o) (touchRead)
C:/devkitPro/calico/lib\libcalico_ds9.a(tick.o)
                              C:/devkitPro/calico/lib\libcalico_ds9.a(thread_cold.o) (tickTaskStart)
C:/devkitPro/calico/lib\libcalico_ds9.a(newlib_syscalls.o)
                              C:/devkitPro/calico/lib\libcalico_ds9.a(bootstub_arm9.o) (__newlib_syscalls)
C:/devkitPro/calico/lib\libcalico_ds9.a(startup.crt0.o)
                              C:/devkitPro/calico/lib\libcalico_ds9.a(bootstub_arm9.o) (crt0Startup)
C:/devkitPro/calico/lib\libcalico_ds9.a(utils.crt0.o)
                              C:/devkitPro/calico/lib\libcalico_ds9.a(startup.crt0.o) (crt0CopyMem32)
C:/devkitPro/calico/lib\libcalico_ds9.a(irq_handler.32.o)
                              C:/devkitPro/calico/lib\libcalico_ds9.a(bootstub_arm9.o) (__arm_excpt_irq)
C:/devkitPro/calico/lib\libcalico_ds9.a(pxi.o)
                              C:/devkitPro/calico/lib\libcalico_ds9.a(startup.crt0.o) (_pxiInit)
C:/devkitPro/calico/lib\libcalico_ds9.a(mpu_setup.crt0.o)
                              C:/devkitPro/calico/lib\libcalico_ds9.a(startup.crt0.o) (crt0SetupMPU)
C:/devkitPro/calico/lib\libcalico_ds9.a(sys_startup.o)
                              C:/devkitPro/calico/lib\libcalico_ds9.a(startup.crt0.o) (systemStartup)
C:/devkitPro/calico/lib\libcalico_ds9.a(irq.o)
                              C:/devkitPro/calico/lib\libcalico_ds9.a(tick.o) (irqSet)
C:/devkitPro/calico/lib\libcalico_ds9.a(mutex.o)
                              C:/devkitPro/calico/lib\libcalico_ds9.a(newlib_syscalls.o) (mutexLock)
C:/devkitPro/calico/lib\libcalico_ds9.a(mailbox.o)
                              C:/devkitPro/calico/lib\libcalico_ds9.a(pxi.o) (mailboxTrySend)
C:/devkitPro/calico/lib\libcalico_ds9.a(arm-cache.32.o)
                              C:/devkitPro/calico/lib\libcalico_ds9.a(startup.crt0.o) (armDCacheFlushAll)
C:/devkitPro/calico/lib\libcalico_ds9.a(pm.o)
                              C:/devkitPro/calico/lib\libcalico_ds9.a(sys_startup.o) (pmInit)
C:/devkitPro/devkitARM/bin/../lib/gcc/arm-none-eabi/14.2.0\libgcc.a(_divsi3.o)
                              C:/devkitPro/libnds/lib\libnds9.a(console.o) (__aeabi_idivmod)
C:/devkitPro/devkitARM/bin/../lib/gcc/arm-none-eabi/14.2.0\libgcc.a(_dvmd_tls.o)
                              C:/devkitPro/devkitARM/bin/../lib/gcc/arm-none-eabi/14.2.0\libgcc.a(_divsi3.o) (__aeabi_idiv0)
C:/devkitPro/devkitARM/bin/../lib/gcc/arm-none-eabi/14.2.0\libgcc.a(_arm_addsubsf3.o)
                              main.o (__aeabi_fadd)
C:/devkitPro/devkitARM/bin/../lib/gcc/arm-none-eabi/14.2.0\libgcc.a(_arm_muldivsf3.o)
                              main.o (__aeabi_fdiv)
C:/devkitPro/devkitARM/bin/../lib/gcc/arm-none-eabi/14.2.0\libgcc.a(_arm_cmpsf2.o)
                              main.o (__aeabi_fcmpgt)
C:/devkitPro/devkitARM/bin/../lib/gcc/arm-none-eabi/14.2.0\libgcc.a(_aeabi_uldivmod.o)
                              C:/devkitPro/calico/lib\libcalico_ds9.a(newlib_syscalls.o) (__aeabi_uldivmod)
C:/devkitPro/devkitARM/bin/../lib/gcc/arm-none-eabi/14.2.0\libgcc.a(_sync_none.o)
[...]
Memory Configuration

Name             Origin             Length             Attributes
lma9             0x02004000         0x0027c000
lma9i            0x02400000         0x00280000
vectors          0x00000000         0x00000020
itcm             0x01ff8020         0x00007fe0
main             0x02001000         0x00f7f000
dtcm             0x02ff0000         0x00003e80
dldi             0x0380b000         0x00004000
stub             0x0e000000         0x00004000
tls              0x00000000         0x00000400
*default*        0x00000000         0xffffffff

Linker script and memory map

                0x00000000                        __sync_synchronize = __sync_synchronize_none
LOAD C:/devkitPro/devkitARM/bin/../lib/gcc/arm-none-eabi/14.2.0/crti.o
LOAD C:/devkitPro/devkitARM/bin/../lib/gcc/arm-none-eabi/14.2.0/crtbegin.o
LOAD main.o
LOAD C:/devkitPro/libnds/lib\libnds9.a
LOAD C:/devkitPro/calico/lib\libcalico_ds9.a
START GROUP
LOAD C:/devkitPro/devkitARM/bin/../lib/gcc/arm-none-eabi/14.2.0\libgcc.a
LOAD C:/devkitPro/devkitARM/bin/../lib/gcc/arm-none-eabi/14.2.0/../../../../arm-none-eabi/lib\libg.a
LOAD C:/devkitPro/devkitARM/bin/../lib/gcc/arm-none-eabi/14.2.0/../../../../arm-none-eabi/lib\libc.a
LOAD C:/devkitPro/devkitARM/bin/../lib/gcc/arm-none-eabi/14.2.0/../../../../arm-none-eabi/lib\libsysbase.a
END GROUP
LOAD C:/devkitPro/devkitARM/bin/../lib/gcc/arm-none-eabi/14.2.0/crtend.o
LOAD C:/devkitPro/devkitARM/bin/../lib/gcc/arm-none-eabi/14.2.0/crtn.o
                0x02ff3e80                        PROVIDE (__sp_usr = (ORIGIN (dtcm) + LENGTH (dtcm)))
                0x02ff3f80                        PROVIDE (__sp_irq = (__sp_usr + 0x100))
                0x02ff3fc0                        PROVIDE (__sp_svc = (__sp_irq + 0x40))
                0x02ff3ff8                        PROVIDE (__irq_flags = (__sp_svc + 0x38))
                [!provide]                        PROVIDE (__irq_vector = (__sp_svc + 0x3c))
                [!provide]                        PROVIDE (__arm_excpt_rst = 0xffff0000)
                [!provide]                        PROVIDE (__arm_excpt_und = 0xffff0004)
                0xffff0008                        PROVIDE (__arm_excpt_svc = 0xffff0008)
                [!provide]                        PROVIDE (__arm_excpt_pabt = 0xffff000c)
                [!provide]                        PROVIDE (__arm_excpt_dabt = 0xffff0010)
                [!provide]                        PROVIDE (__arm_excpt_irq = 0xffff0018)
                [!provide]                        PROVIDE (__arm_excpt_fiq = 0xffff001c)
                0x00000000                        PROVIDE (__end__ = 0x0)

.secure         0x0e000000      0x800 load address 0x02004000
                0x0e0007fc                        . = (. + 0x7fc)
 *fill*         0x0e000000      0x7fc 00000000
                0x0e0007fc        0x4 LONG 0x0

.bootstub       0x0e000800      0x190 load address 0x02004800
 *(.bootstub .bootstub.*)
 .bootstub.__ds9_bootstub
                0x0e000800      0x190 C:/devkitPro/calico/lib\libcalico_ds9.a(bootstub_arm9.o)
                0x0e000800                __ds9_bootstub
                0x0e000990                        . = ALIGN (0x4)

.crt0           0x02001000      0x340 load address 0x02004990
 *(.crt0 .crt0.*)
 .crt0.__ds9_bootstub_trampoline
                0x02001000       0x20 C:/devkitPro/calico/lib\libcalico_ds9.a(bootstub_arm9.o)
 *.crt0.*(.text .stub .text.* .gnu.linkonce.t.*)
 .text.crt0ProcessLoadList
                0x02001020       0x74 C:/devkitPro/calico/lib\libcalico_ds9.a(startup.crt0.o)
                0x02001020                crt0ProcessLoadList
 .text.crt0Startup
                0x02001094      0x150 C:/devkitPro/calico/lib\libcalico_ds9.a(startup.crt0.o)
                0x02001094                crt0Startup
 .text.crt0CopyMem32
                0x020011e4       0x4c C:/devkitPro/calico/lib\libcalico_ds9.a(utils.crt0.o)
                0x020011e4                crt0CopyMem32
 .text.crt0FillMem32
                0x02001230       0x58 C:/devkitPro/calico/lib\libcalico_ds9.a(utils.crt0.o)
                0x02001230                crt0FillMem32
 .text.crt0SetupMPU
                0x02001288       0xb4 C:/devkitPro/calico/lib\libcalico_ds9.a(mpu_setup.crt0.o)
                0x02001288                crt0SetupMPU
 *.crt0.*(.glue_7t .glue_7 .vfp11_veneer .v4_bx)
 *.crt0.*(.rodata .rodata.* .gnu.linkonce.r.*)
 *.crt0.*(.rodata1)
                0x02001340                        . = ALIGN (0x20)
 *fill*         0x0200133c        0x4 ff
                0x02004990                        PROVIDE (__crt0_lma = LOADADDR (.crt0))
                0x02001000                        PROVIDE (__crt0_start = ADDR (.crt0))
                0x02001340                        PROVIDE (__crt0_end = (ADDR (.crt0) + SIZEOF (.crt0)))
                0x00000001                        ASSERT (((__crt0_end <= LOADADDR (.bootstub)) || (__crt0_start >= (LOADADDR (.bootstub) + SIZEOF (.bootstub)))), Error: crt0 section overlaps initial bootstrap)

.dldi           0x0380b000        0x0 load address 0x02004cd0
 *(.dldi)
                0x00000000                        PROVIDE (__dldi_lma = SIZEOF (.dldi)?LOADADDR (.dldi):0x0)

.vectors        0x00000000       0x20 load address 0x02004cd0
 *(.vectors)
 .vectors       0x00000000       0x20 C:/devkitPro/calico/lib\libcalico_ds9.a(bootstub_arm9.o)

.itcm           0x01ff8020      0x68c load address 0x02004cf0
 *(.itcm .itcm.*)
 .itcm          0x01ff8020       0x30 C:/devkitPro/calico/lib\libcalico_ds9.a(bootstub_arm9.o)
                0x01ff8038                __excpt_vectors
 *.itcm.*(.text .stub .text.* .gnu.linkonce.t.*)
 *.32.o(.text .stub .text.* .gnu.linkonce.t.*)
 .text.threadReschedule
                0x01ff8050       0x88 C:/devkitPro/calico/lib\libcalico_ds9.a(thread_hot.32.o)
 .text.threadBlock
                0x01ff80d8       0xd4 C:/devkitPro/calico/lib\libcalico_ds9.a(thread_hot.32.o)
                0x01ff80d8                threadBlock
 .text.threadUnblockOneByValue
                0x01ff81ac       0xc0 C:/devkitPro/calico/lib\libcalico_ds9.a(thread_hot.32.o)
                0x01ff81ac                threadUnblockOneByValue
 .text.threadUnblockAllByValue
                0x01ff826c      0x144 C:/devkitPro/calico/lib\libcalico_ds9.a(thread_hot.32.o)
                0x01ff826c                threadUnblockAllByValue
 .text.threadUnblockAllByMask
                0x01ff83b0      0x134 C:/devkitPro/calico/lib\libcalico_ds9.a(thread_hot.32.o)
                0x01ff83b0                threadUnblockAllByMask
 .text.armContextSave
                0x01ff84e4       0x2c C:/devkitPro/calico/lib\libcalico_ds9.a(arm-context.32.o)
                0x01ff84e4                armContextSave
 .text.armContextLoad
                0x01ff8510       0x20 C:/devkitPro/calico/lib\libcalico_ds9.a(arm-context.32.o)
                0x01ff8510                armContextLoad
                0x01ff8514                armContextLoadFromSvc
 .text.armWaitForIrq
                0x01ff8530        0x8 C:/devkitPro/calico/lib\libcalico_ds9.a(arm-shims.32.o)
                0x01ff8530                armWaitForIrq
 .text.__excpt_entry
                0x01ff8538       0x50 C:/devkitPro/calico/lib\libcalico_ds9.a(excpt_handler.32.o)
                0x01ff8538                __arm_excpt_rst
                0x01ff853c                __arm_excpt_pabt
                0x01ff8540                __arm_excpt_und
                0x01ff854c                __arm_excpt_dabt
 .text.__arm_excpt_irq
                0x01ff8588       0xe4 C:/devkitPro/calico/lib\libcalico_ds9.a(irq_handler.32.o)
                0x01ff8588                __arm_excpt_irq
 .text.armDrainWriteBuffer
                0x01ff866c        0xc C:/devkitPro/calico/lib\libcalico_ds9.a(arm-cache.32.o)
                0x01ff866c                armDrainWriteBuffer
 .text.armDCacheFlushAll
                0x01ff8678       0x28 C:/devkitPro/calico/lib\libcalico_ds9.a(arm-cache.32.o)
                0x01ff8678                armDCacheFlushAll
 .text.armICacheInvalidateAll
                0x01ff86a0        0xc C:/devkitPro/calico/lib\libcalico_ds9.a(arm-cache.32.o)
                0x01ff86a0                armICacheInvalidateAll
 *.itcm.*(.glue_7t .glue_7 .vfp11_veneer .v4_bx)
 *.32.o(.glue_7t .glue_7 .vfp11_veneer .v4_bx)
 *.itcm.*(.rodata .rodata.* .gnu.linkonce.r.*)
 *.32.o(.rodata .rodata.* .gnu.linkonce.r.*)
 *.itcm.*(.rodata1)
 *.32.o(.rodata1)
                0x01ff86ac                        . = ALIGN (0x4)
                0x02004cd0                        PROVIDE (__itcm_lma = LOADADDR (.vectors))
                0x01ff8000                        PROVIDE (__itcm_start = (ADDR (.itcm) - SIZEOF (.vectors)))
                0x01ff86ac                        PROVIDE (__itcm_end = (ADDR (.itcm) + SIZEOF (.itcm)))
                0x00000001                        ASSERT (((__itcm_lma + SIZEOF (.vectors)) == LOADADDR (.itcm)), Error: gap between vectors and itcm)

.dtcm           0x02ff0000        0x0 load address 0x0200537c
 *(.dtcm .dtcm.*)
 *.32.o(.data .data.* .gnu.linkonce.d.*)
 *.32.o(.data1)
                0x02ff0000                        . = ALIGN (0x4)
                [!provide]                        PROVIDE (__dtcm_lma = LOADADDR (.dtcm))
                0x02ff0000                        PROVIDE (__dtcm_start = ADDR (.dtcm))
                0x02ff0000                        PROVIDE (__dtcm_end = (ADDR (.dtcm) + SIZEOF (.dtcm)))

.dtcm.bss       0x02ff0000       0x98 load address 0x0200537c
 *(.sbss .sbss.*)
 *.32.o(.dynbss)
 *.32.o(.bss .bss.* .gnu.linkonce.b.*)
 .bss.__irq_table
                0x02ff0000       0x80 C:/devkitPro/calico/lib\libcalico_ds9.a(thread_hot.32.o)
                0x02ff0000                __irq_table
 .bss.__sched_state
                0x02ff0080       0x18 C:/devkitPro/calico/lib\libcalico_ds9.a(thread_hot.32.o)
                0x02ff0080                __sched_state
 *.32.o(COMMON)
                0x02ff0098                        . = ALIGN (0x4)
                [!provide]                        PROVIDE (__dtcm_bss_start = ADDR (.dtcm.bss))
                0x02ff0098                        PROVIDE (__dtcm_bss_end = (ADDR (.dtcm.bss) + SIZEOF (.dtcm.bss)))

.main           0x02001340    0x111a0 load address 0x0200537c
 *(SORT_NONE(.init))
 .init          0x02001340        0xc C:/devkitPro/devkitARM/bin/../lib/gcc/arm-none-eabi/14.2.0/crti.o
                0x02001340                _init
 .init          0x0200134c        0xc C:/devkitPro/devkitARM/bin/../lib/gcc/arm-none-eabi/14.2.0/crtn.o
 EXCLUDE_FILE(*.twl.*) *(.text.unlikely .text.*_unlikely .text.unlikely.*)
 EXCLUDE_FILE(*.twl.*) *(.text.exit .text.exit.*)
 .text.exit     0x02001358       0x30 C:/devkitPro/devkitARM/bin/../lib/gcc/arm-none-eabi/14.2.0/../../../../arm-none-eabi/lib\libg.a(libc_a-exit.o)
                0x02001358                exit
 EXCLUDE_FILE(*.twl.*) *(.text.startup .text.startup.*)
 .text.startup.main
                0x02001388      0x530 main.o
                0x02001388                main
 EXCLUDE_FILE(*.twl.*) *(.text.hot .text.hot.*)
 EXCLUDE_FILE(*.twl.*) *(.text .iplt .stub .text.* .gnu.linkonce.t.*)
 .text.__do_global_dtors_aux
                0x020018b8       0x40 C:/devkitPro/devkitARM/bin/../lib/gcc/arm-none-eabi/14.2.0/crtbegin.o
 .text.frame_dummy
                0x020018f8       0x30 C:/devkitPro/devkitARM/bin/../lib/gcc/arm-none-eabi/14.2.0/crtbegin.o
 .iplt          0x02001928        0x0 C:/devkitPro/devkitARM/bin/../lib/gcc/arm-none-eabi/14.2.0/crtbegin.o
 .text.CheckInput
                0x02001928      0x288 main.o
 .text.RenderBorders
                0x02001bb0       0xec main.o
 .text.Loose    0x02001c9c      0x1ac main.o
 .text.newRow   0x02001e48       0xdc C:/devkitPro/libnds/lib\libnds9.a(console.o)
 .text.consoleSelect
                0x02001f24       0x10 C:/devkitPro/libnds/lib\libnds9.a(console.o)
                0x02001f24                consoleSelect
 .text.consolePrintChar
                0x02001f34       0xe0 C:/devkitPro/libnds/lib\libnds9.a(console.o)
                0x02001f34                consolePrintChar
 .text.con_write
                0x02002014      0x320 C:/devkitPro/libnds/lib\libnds9.a(console.o)
                0x02002014                con_write
 .text.consoleLoadFont
                0x02002334      0x314 C:/devkitPro/libnds/lib\libnds9.a(console.o)
                0x02002334                consoleLoadFont
 .text.consoleInit
                0x02002648      0x18c C:/devkitPro/libnds/lib\libnds9.a(console.o)
                0x02002648                consoleInit
 .text.scanKeys
                0x020027d4       0x6c C:/devkitPro/libnds/lib\libnds9.a(keys.o)
                0x020027d4                scanKeys
 .text.keysDown
                0x02002840       0x10 C:/devkitPro/libnds/lib\libnds9.a(keys.o)
                0x02002840                keysDown
 .text.checkIfText
                0x02002850       0x6c C:/devkitPro/libnds/lib\libnds9.a(background.o)
                0x02002850                checkIfText
 .text.bgUpdate
                0x020028bc       0xf4 C:/devkitPro/libnds/lib\libnds9.a(background.o)
                0x020028bc                bgUpdate
 .text.bgInit_call
                0x020029b0       0xb0 C:/devkitPro/libnds/lib\libnds9.a(background.o)
                0x020029b0                bgInit_call
 .text.bgInitSub_call
                0x02002a60       0xb8 C:/devkitPro/libnds/lib\libnds9.a(background.o)
                0x02002a60                bgInitSub_call
 .text.sinLutLookup
                0x02002b18       0x4c C:/devkitPro/libnds/lib\libnds9.a(trig.o)
                0x02002b18                sinLutLookup
 .text.sinLerp  0x02002b64       0x38 C:/devkitPro/libnds/lib\libnds9.a(trig.o)
                0x02002b64                sinLerp
 .text.cosLerp  0x02002b9c       0x48 C:/devkitPro/libnds/lib\libnds9.a(trig.o)
                0x02002b9c                cosLerp
 .text.threadExit
                0x02002be4       0x98 C:/devkitPro/calico/lib\libcalico_ds9.a(thread_cold.o)
                0x02002be4                threadExit
 .text._threadTickTask
                0x02002c7c       0x10 C:/devkitPro/calico/lib\libcalico_ds9.a(thread_cold.o)
 .text._threadInit
                0x02002c8c       0x98 C:/devkitPro/calico/lib\libcalico_ds9.a(thread_cold.o)
                0x02002c8c                _threadInit
 .text.threadPrepare
                0x02002d24       0x98 C:/devkitPro/calico/lib\libcalico_ds9.a(thread_cold.o)
                0x02002d24                threadPrepare
 .text.threadStart
                0x02002dbc       0xc0 C:/devkitPro/calico/lib\libcalico_ds9.a(thread_cold.o)
                0x02002dbc                threadStart
 .text.threadIrqWait
                0x02002e7c       0x98 C:/devkitPro/calico/lib\libcalico_ds9.a(thread_cold.o)
                0x02002e7c                threadIrqWait
 .text.threadSleepTicks
                0x02002f14       0x58 C:/devkitPro/calico/lib\libcalico_ds9.a(thread_cold.o)
                0x02002f14                threadSleepTicks
 .text.keypadGetState
                0x02002f6c       0x28 C:/devkitPro/calico/lib\libcalico_ds9.a(keypad.o)
                0x02002f6c                keypadGetState
 .text.touchRead
                0x02002f94       0x58 C:/devkitPro/calico/lib\libcalico_ds9.a(touch.o)
                0x02002f94                touchRead
 .text._tickCountIsr
                0x02002fec       0x1c C:/devkitPro/calico/lib\libcalico_ds9.a(tick.o)
 .text._tickTaskSchedule.part.0.isra.0
                0x02003008       0x98 C:/devkitPro/calico/lib\libcalico_ds9.a(tick.o)
 .text.tickInit
                0x020030a0       0x8c C:/devkitPro/calico/lib\libcalico_ds9.a(tick.o)
                0x020030a0                tickInit
 .text.tickGetCount
                0x0200312c       0x6c C:/devkitPro/calico/lib\libcalico_ds9.a(tick.o)
                0x0200312c                tickGetCount
 .text._tickTaskIsr
                0x02003198      0x110 C:/devkitPro/calico/lib\libcalico_ds9.a(tick.o)
 .text.tickTaskStart
                0x020032a8      0x11c C:/devkitPro/calico/lib\libcalico_ds9.a(tick.o)
                0x020032a8                tickTaskStart
 .text.__syscall_getreent
                0x020033c4       0x14 C:/devkitPro/calico/lib\libcalico_ds9.a(newlib_syscalls.o)
                0x020033c4                __syscall_getreent
 .text.__errno  0x020033d8       0x24 C:/devkitPro/calico/lib\libcalico_ds9.a(newlib_syscalls.o)
                0x020033d8                __errno
 .text.__syscall_lock_acquire
                0x020033fc        0x4 C:/devkitPro/calico/lib\libcalico_ds9.a(newlib_syscalls.o)
                0x020033fc                __syscall_lock_acquire
 .text.__syscall_lock_release
                0x02003400        0x4 C:/devkitPro/calico/lib\libcalico_ds9.a(newlib_syscalls.o)
                0x02003400                __syscall_lock_release
 .text.__syscall_lock_acquire_recursive
                0x02003404       0x40 C:/devkitPro/calico/lib\libcalico_ds9.a(newlib_syscalls.o)
                0x02003404                __syscall_lock_acquire_recursive
 .text.__syscall_lock_release_recursive
                0x02003444       0x18 C:/devkitPro/calico/lib\libcalico_ds9.a(newlib_syscalls.o)
                0x02003444                __syscall_lock_release_recursive
 .text._pxiMailboxHandler
                0x0200345c        0x4 C:/devkitPro/calico/lib\libcalico_ds9.a(pxi.o)
 .text._pxiRecvUnhandled
                0x02003460        0x4 C:/devkitPro/calico/lib\libcalico_ds9.a(pxi.o)
                0x02003460                _pxiRecvUnhandled
 .text._pxiRecvIrqHandler
                0x02003464      0x154 C:/devkitPro/calico/lib\libcalico_ds9.a(pxi.o)
 .text._pxiInit
                0x020035b8       0x58 C:/devkitPro/calico/lib\libcalico_ds9.a(pxi.o)
                0x020035b8                _pxiInit
 .text.pxiSetHandler
                0x02003610       0x74 C:/devkitPro/calico/lib\libcalico_ds9.a(pxi.o)
                0x02003610                pxiSetHandler
 .text.pxiSetMailbox
                0x02003684       0x68 C:/devkitPro/calico/lib\libcalico_ds9.a(pxi.o)
                0x02003684                pxiSetMailbox
 .text.pxiWaitRemote
                0x020036ec       0x38 C:/devkitPro/calico/lib\libcalico_ds9.a(pxi.o)
                0x020036ec                pxiWaitRemote
 .text.pxiSendPacket
                0x02003724       0x50 C:/devkitPro/calico/lib\libcalico_ds9.a(pxi.o)
                0x02003724                pxiSendPacket
 .text.systemUserStartup
                0x02003774        0x4 C:/devkitPro/calico/lib\libcalico_ds9.a(sys_startup.o)
                0x02003774                systemUserStartup
 .text.systemStartup
                0x02003778      0x104 C:/devkitPro/calico/lib\libcalico_ds9.a(sys_startup.o)
                0x02003778                systemStartup
 .text.irqSet   0x0200387c       0x64 C:/devkitPro/calico/lib\libcalico_ds9.a(irq.o)
                0x0200387c                irqSet
 .text.threadUpdateDynamicPrio
                0x020038e0      0x1c4 C:/devkitPro/calico/lib\libcalico_ds9.a(mutex.o)
 .text.threadRemoveWaiter
                0x02003aa4      0x1a8 C:/devkitPro/calico/lib\libcalico_ds9.a(mutex.o)
 .text.mutexLock
                0x02003c4c      0x144 C:/devkitPro/calico/lib\libcalico_ds9.a(mutex.o)
                0x02003c4c                mutexLock
 .text.mutexUnlock
                0x02003d90       0xbc C:/devkitPro/calico/lib\libcalico_ds9.a(mutex.o)
                0x02003d90                mutexUnlock
 .text.mailboxTrySend
                0x02003e4c       0x9c C:/devkitPro/calico/lib\libcalico_ds9.a(mailbox.o)
                0x02003e4c                mailboxTrySend
 .text.mailboxRecv
                0x02003ee8       0x8c C:/devkitPro/calico/lib\libcalico_ds9.a(mailbox.o)
                0x02003ee8                mailboxRecv
 .text._pmCallEventHandlers
                0x02003f74       0x40 C:/devkitPro/calico/lib\libcalico_ds9.a(pm.o)
 .text._pmPxiThreadMain
                0x02003fb4       0xa0 C:/devkitPro/calico/lib\libcalico_ds9.a(pm.o)
 .text._pmResetPxiHandler
                0x02004054       0x28 C:/devkitPro/calico/lib\libcalico_ds9.a(pm.o)
 .text.systemUserExit
                0x0200407c        0x4 C:/devkitPro/calico/lib\libcalico_ds9.a(pm.o)
                0x0200407c                systemUserExit
 .text.systemErrorExit
                0x02004080        0x4 C:/devkitPro/calico/lib\libcalico_ds9.a(pm.o)
                0x02004080                systemErrorExit
 .text.__syscall_exit
                0x02004084      0x138 C:/devkitPro/calico/lib\libcalico_ds9.a(pm.o)
                0x02004084                __syscall_exit
 .text.pmInit   0x020041bc       0x58 C:/devkitPro/calico/lib\libcalico_ds9.a(pm.o)
                0x020041bc                pmInit
 .text          0x02004214      0x148 C:/devkitPro/devkitARM/bin/../lib/gcc/arm-none-eabi/14.2.0\libgcc.a(_divsi3.o)
                0x02004214                __divsi3
                0x02004214                __aeabi_idiv
                0x0200433c                __aeabi_idivmod
 .text          0x0200435c        0x4 C:/devkitPro/devkitARM/bin/../lib/gcc/arm-none-eabi/14.2.0\libgcc.a(_dvmd_tls.o)
                0x0200435c                __aeabi_idiv0
                0x0200435c                __aeabi_ldiv0
 .text          0x02004360       0x3c C:/devkitPro/devkitARM/bin/../lib/gcc/arm-none-eabi/14.2.0\libgcc.a(_aeabi_uldivmod.o)
                0x02004360                __aeabi_uldivmod
 .text.__udivmoddi4
                0x0200439c      0x128 C:/devkitPro/devkitARM/bin/../lib/gcc/arm-none-eabi/14.2.0\libgcc.a(_udivmoddi4.o)
                0x0200439c                __udivmoddi4
 .text          0x020044c4       0x28 C:/devkitPro/devkitARM/bin/../lib/gcc/arm-none-eabi/14.2.0\libgcc.a(_clzdi2.o)
                0x020044c4                __clzdi2
 .text          0x020044ec       0x48 C:/devkitPro/devkitARM/bin/../lib/gcc/arm-none-eabi/14.2.0\libgcc.a(_clzsi2.o)
                0x020044ec                __clzsi2
 .text.rand     0x02004534       0x48 C:/devkitPro/devkitARM/bin/../lib/gcc/arm-none-eabi/14.2.0/../../../../arm-none-eabi/lib\libg.a(libc_a-rand.o)
                0x02004534                rand
 .text.siscanf  0x0200457c       0x78 C:/devkitPro/devkitARM/bin/../lib/gcc/arm-none-eabi/14.2.0/../../../../arm-none-eabi/lib\libg.a(libc_a-siscanf.o)
                0x0200457c                siscanf
 .text.__sread  0x020045f4       0x4c C:/devkitPro/devkitARM/bin/../lib/gcc/arm-none-eabi/14.2.0/../../../../arm-none-eabi/lib\libg.a(libc_a-stdio.o)
                0x020045f4                __sread
 .text.__seofread
                0x02004640        0x8 C:/devkitPro/devkitARM/bin/../lib/gcc/arm-none-eabi/14.2.0/../../../../arm-none-eabi/lib\libg.a(libc_a-stdio.o)
                0x02004640                __seofread
 .text.__swrite
                0x02004648       0x6c C:/devkitPro/devkitARM/bin/../lib/gcc/arm-none-eabi/14.2.0/../../../../arm-none-eabi/lib\libg.a(libc_a-stdio.o)
                0x02004648                __swrite
 .text.__sseek  0x020046b4       0x48 C:/devkitPro/devkitARM/bin/../lib/gcc/arm-none-eabi/14.2.0/../../../../arm-none-eabi/lib\libg.a(libc_a-stdio.o)
                0x020046b4                __sseek
 .text.__sclose
                0x020046fc       0x14 C:/devkitPro/devkitARM/bin/../lib/gcc/arm-none-eabi/14.2.0/../../../../arm-none-eabi/lib\libg.a(libc_a-stdio.o)
                0x020046fc                __sclose
 .text._malloc_r
                0x02004710      0x7c8 C:/devkitPro/devkitARM/bin/../lib/gcc/arm-none-eabi/14.2.0/../../../../arm-none-eabi/lib\libg.a(libc_a-mallocr.o)
                0x02004710                _malloc_r
 .text._malloc_trim_r
                0x02004ed8      0x100 C:/devkitPro/devkitARM/bin/../lib/gcc/arm-none-eabi/14.2.0/../../../../arm-none-eabi/lib\libg.a(libc_a-freer.o)
                0x02004ed8                _malloc_trim_r
 .text._free_r  0x02004fd8      0x2e8 C:/devkitPro/devkitARM/bin/../lib/gcc/arm-none-eabi/14.2.0/../../../../arm-none-eabi/lib\libg.a(libc_a-freer.o)
                0x02004fd8                _free_r
 .text.setvbuf  0x020052c0      0x298 C:/devkitPro/devkitARM/bin/../lib/gcc/arm-none-eabi/14.2.0/../../../../arm-none-eabi/lib\libg.a(libc_a-setvbuf.o)
                0x020052c0                setvbuf
 .text.malloc   0x02005558       0x3c C:/devkitPro/devkitARM/bin/../lib/gcc/arm-none-eabi/14.2.0/../../../../arm-none-eabi/lib\libg.a(libc_a-malloc.o)
                0x02005558                malloc
 .text.free     0x02005594       0x1c C:/devkitPro/devkitARM/bin/../lib/gcc/arm-none-eabi/14.2.0/../../../../arm-none-eabi/lib\libg.a(libc_a-malloc.o)
                0x02005594                free
 .text.memcpy   0x020055b0      0x130 C:/devkitPro/devkitARM/bin/../lib/gcc/arm-none-eabi/14.2.0/../../../../arm-none-eabi/lib\libg.a(libc_a-memcpy-stub.o)
                0x020055b0                memcpy
 .text.memset   0x020056e0      0x100 C:/devkitPro/devkitARM/bin/../lib/gcc/arm-none-eabi/14.2.0/../../../../arm-none-eabi/lib\libg.a(libc_a-memset.o)
                0x020056e0                memset
 .text.__malloc_lock
                0x020057e0       0x18 C:/devkitPro/devkitARM/bin/../lib/gcc/arm-none-eabi/14.2.0/../../../../arm-none-eabi/lib\libg.a(libc_a-mlock.o)
                0x020057e0                __malloc_lock
 .text.__malloc_unlock
                0x020057f8       0x18 C:/devkitPro/devkitARM/bin/../lib/gcc/arm-none-eabi/14.2.0/../../../../arm-none-eabi/lib\libg.a(libc_a-mlock.o)
                0x020057f8                __malloc_unlock
 .text.__call_exitprocs
                0x02005810       0x10 C:/devkitPro/devkitARM/bin/../lib/gcc/arm-none-eabi/14.2.0/../../../../arm-none-eabi/lib\libg.a(libc_a-exit.o)
                0x02005810                __call_exitprocs
 .text.iprintf  0x02005820       0x34 C:/devkitPro/devkitARM/bin/../lib/gcc/arm-none-eabi/14.2.0/../../../../arm-none-eabi/lib\libg.a(libc_a-iprintf.o)
                0x02005820                iprintf
 .text.__libc_init_array
                0x02005854       0x90 C:/devkitPro/devkitARM/bin/../lib/gcc/arm-none-eabi/14.2.0/../../../../arm-none-eabi/lib\libg.a(libc_a-init.o)
                0x02005854                __libc_init_array
 .text.__sflush_r
                0x020058e4      0x244 C:/devkitPro/devkitARM/bin/../lib/gcc/arm-none-eabi/14.2.0/../../../../arm-none-eabi/lib\libg.a(libc_a-fflush.o)
                0x020058e4                __sflush_r
 .text._fflush_r
                0x02005b28       0x9c C:/devkitPro/devkitARM/bin/../lib/gcc/arm-none-eabi/14.2.0/../../../../arm-none-eabi/lib\libg.a(libc_a-fflush.o)
                0x02005b28                _fflush_r
 .text.strlen   0x02005bc4       0x60 C:/devkitPro/devkitARM/bin/../lib/gcc/arm-none-eabi/14.2.0/../../../../arm-none-eabi/lib\libg.a(libc_a-strlen-stub.o)
                0x02005bc4                strlen
 .text.get_arg  0x02005c24      0x5ec C:/devkitPro/devkitARM/bin/../lib/gcc/arm-none-eabi/14.2.0/../../../../arm-none-eabi/lib\libg.a(libc_a-vfiprintf.o)
 .text._vfiprintf_r
                0x02006210     0x229c C:/devkitPro/devkitARM/bin/../lib/gcc/arm-none-eabi/14.2.0/../../../../arm-none-eabi/lib\libg.a(libc_a-vfiprintf.o)
                0x02006210                _vfiprintf_r
 .text.__sbprintf
                0x020084ac       0xbc C:/devkitPro/devkitARM/bin/../lib/gcc/arm-none-eabi/14.2.0/../../../../arm-none-eabi/lib\libg.a(libc_a-vfiprintf.o)
 .text._memalign_r
                0x02008568      0x168 C:/devkitPro/devkitARM/bin/../lib/gcc/arm-none-eabi/14.2.0/../../../../arm-none-eabi/lib\libg.a(libc_a-malignr.o)
                0x02008568                _memalign_r
 .text.memchr   0x020086d0       0xe4 C:/devkitPro/devkitARM/bin/../lib/gcc/arm-none-eabi/14.2.0/../../../../arm-none-eabi/lib\libg.a(libc_a-memchr-stub.o)
                0x020086d0                memchr
 .text.get_arg  0x020087b4       0x54 C:/devkitPro/devkitARM/bin/../lib/gcc/arm-none-eabi/14.2.0/../../../../arm-none-eabi/lib\libg.a(libc_a-svfiscanf.o)
 .text._sungetc_r
                0x02008808       0xe4 C:/devkitPro/devkitARM/bin/../lib/gcc/arm-none-eabi/14.2.0/../../../../arm-none-eabi/lib\libg.a(libc_a-svfiscanf.o)
                0x02008808                _sungetc_r
 .text.__ssrefill_r
                0x020088ec       0x68 C:/devkitPro/devkitARM/bin/../lib/gcc/arm-none-eabi/14.2.0/../../../../arm-none-eabi/lib\libg.a(libc_a-svfiscanf.o)
                0x020088ec                __ssrefill_r
 .text._sfread_r
                0x02008954       0xc8 C:/devkitPro/devkitARM/bin/../lib/gcc/arm-none-eabi/14.2.0/../../../../arm-none-eabi/lib\libg.a(libc_a-svfiscanf.o)
                0x02008954                _sfread_r
 .text.__ssvfiscanf_r
                0x02008a1c     0x22a8 C:/devkitPro/devkitARM/bin/../lib/gcc/arm-none-eabi/14.2.0/../../../../arm-none-eabi/lib\libg.a(libc_a-svfiscanf.o)
                0x02008a1c                __ssvfiscanf_r
 .text._strtoul_l.isra.0
                0x0200acc4      0x1e8 C:/devkitPro/devkitARM/bin/../lib/gcc/arm-none-eabi/14.2.0/../../../../arm-none-eabi/lib\libg.a(libc_a-strtoul.o)
 .text._strtoul_r
                0x0200aeac       0x30 C:/devkitPro/devkitARM/bin/../lib/gcc/arm-none-eabi/14.2.0/../../../../arm-none-eabi/lib\libg.a(libc_a-strtoul.o)
                0x0200aeac                _strtoul_r
 .text.__libc_fini_array
                0x0200aedc       0x44 C:/devkitPro/devkitARM/bin/../lib/gcc/arm-none-eabi/14.2.0/../../../../arm-none-eabi/lib\libg.a(libc_a-fini.o)
                0x0200aedc                __libc_fini_array
 .text.__sprint_r
                0x0200af20       0x34 C:/devkitPro/devkitARM/bin/../lib/gcc/arm-none-eabi/14.2.0/../../../../arm-none-eabi/lib\libg.a(libc_a-sprint_r.o)
                0x0200af20                __sprint_r
 .text.iswspace
                0x0200af54       0x14 C:/devkitPro/devkitARM/bin/../lib/gcc/arm-none-eabi/14.2.0/../../../../arm-none-eabi/lib\libg.a(libc_a-iswspace.o)
                0x0200af54                iswspace
 .text.__sccl   0x0200af68       0xe4 C:/devkitPro/devkitARM/bin/../lib/gcc/arm-none-eabi/14.2.0/../../../../arm-none-eabi/lib\libg.a(libc_a-sccl.o)
                0x0200af68                __sccl
 .text._localeconv_r
                0x0200b04c       0x28 C:/devkitPro/devkitARM/bin/../lib/gcc/arm-none-eabi/14.2.0/../../../../arm-none-eabi/lib\libg.a(libc_a-localeconv.o)
                0x0200b04c                _localeconv_r
 .text.__smakebuf_r
                0x0200b074      0x14c C:/devkitPro/devkitARM/bin/../lib/gcc/arm-none-eabi/14.2.0/../../../../arm-none-eabi/lib\libg.a(libc_a-makebuf.o)
                0x0200b074                __smakebuf_r
 .text.__swhatbuf_r
                0x0200b1c0       0x80 C:/devkitPro/devkitARM/bin/../lib/gcc/arm-none-eabi/14.2.0/../../../../arm-none-eabi/lib\libg.a(libc_a-makebuf.o)
                0x0200b1c0                __swhatbuf_r
 .text.realloc  0x0200b240       0x24 C:/devkitPro/devkitARM/bin/../lib/gcc/arm-none-eabi/14.2.0/../../../../arm-none-eabi/lib\libg.a(libc_a-realloc.o)
                0x0200b240                realloc
 .text.stdio_exit_handler
                0x0200b264       0x28 C:/devkitPro/devkitARM/bin/../lib/gcc/arm-none-eabi/14.2.0/../../../../arm-none-eabi/lib\libg.a(libc_a-findfp.o)
 .text.cleanup_stdio
                0x0200b28c       0x54 C:/devkitPro/devkitARM/bin/../lib/gcc/arm-none-eabi/14.2.0/../../../../arm-none-eabi/lib\libg.a(libc_a-findfp.o)
 .text.global_stdio_init.part.0
                0x0200b2e0      0x158 C:/devkitPro/devkitARM/bin/../lib/gcc/arm-none-eabi/14.2.0/../../../../arm-none-eabi/lib\libg.a(libc_a-findfp.o)
 .text.__sinit  0x0200b438       0x64 C:/devkitPro/devkitARM/bin/../lib/gcc/arm-none-eabi/14.2.0/../../../../arm-none-eabi/lib\libg.a(libc_a-findfp.o)
                0x0200b438                __sinit
 .text.__sfp_lock_acquire
                0x0200b49c       0x18 C:/devkitPro/devkitARM/bin/../lib/gcc/arm-none-eabi/14.2.0/../../../../arm-none-eabi/lib\libg.a(libc_a-findfp.o)
                0x0200b49c                __sfp_lock_acquire
 .text.__sfp_lock_release
                0x0200b4b4       0x18 C:/devkitPro/devkitARM/bin/../lib/gcc/arm-none-eabi/14.2.0/../../../../arm-none-eabi/lib\libg.a(libc_a-findfp.o)
                0x0200b4b4                __sfp_lock_release
 .text._wcrtomb_r
                0x0200b4cc       0xac C:/devkitPro/devkitARM/bin/../lib/gcc/arm-none-eabi/14.2.0/../../../../arm-none-eabi/lib\libg.a(libc_a-wcrtomb.o)
                0x0200b4cc                _wcrtomb_r
 .text._strtol_l.part.0
                0x0200b578      0x348 C:/devkitPro/devkitARM/bin/../lib/gcc/arm-none-eabi/14.2.0/../../../../arm-none-eabi/lib\libg.a(libc_a-strtol.o)
 .text._strtol_r
                0x0200b8c0       0x64 C:/devkitPro/devkitARM/bin/../lib/gcc/arm-none-eabi/14.2.0/../../../../arm-none-eabi/lib\libg.a(libc_a-strtol.o)
                0x0200b8c0                _strtol_r
 .text._realloc_r
                0x0200b924      0x4c0 C:/devkitPro/devkitARM/bin/../lib/gcc/arm-none-eabi/14.2.0/../../../../arm-none-eabi/lib\libg.a(libc_a-reallocr.o)
                0x0200b924                _realloc_r
 .text._fwalk_sglue
                0x0200bde4       0x78 C:/devkitPro/devkitARM/bin/../lib/gcc/arm-none-eabi/14.2.0/../../../../arm-none-eabi/lib\libg.a(libc_a-fwalk.o)
                0x0200bde4                _fwalk_sglue
 .text.strncpy  0x0200be5c       0xd0 C:/devkitPro/devkitARM/bin/../lib/gcc/arm-none-eabi/14.2.0/../../../../arm-none-eabi/lib\libg.a(libc_a-strncpy.o)
                0x0200be5c                strncpy
 .text._strtoull_l.isra.0
                0x0200bf2c      0x268 C:/devkitPro/devkitARM/bin/../lib/gcc/arm-none-eabi/14.2.0/../../../../arm-none-eabi/lib\libg.a(libc_a-strtoull.o)
 .text._strtoull_r
                0x0200c194       0x30 C:/devkitPro/devkitARM/bin/../lib/gcc/arm-none-eabi/14.2.0/../../../../arm-none-eabi/lib\libg.a(libc_a-strtoull.o)
                0x0200c194                _strtoull_r
 .text._wcsrtombs_r
                0x0200c1c4       0x2c C:/devkitPro/devkitARM/bin/../lib/gcc/arm-none-eabi/14.2.0/../../../../arm-none-eabi/lib\libg.a(libc_a-wcsrtombs.o)
                0x0200c1c4                _wcsrtombs_r
 .text._mbrtowc_r
                0x0200c1f0       0xc0 C:/devkitPro/devkitARM/bin/../lib/gcc/arm-none-eabi/14.2.0/../../../../arm-none-eabi/lib\libg.a(libc_a-mbrtowc.o)
                0x0200c1f0                _mbrtowc_r
 .text.__swsetup_r
                0x0200c2b0      0x194 C:/devkitPro/devkitARM/bin/../lib/gcc/arm-none-eabi/14.2.0/../../../../arm-none-eabi/lib\libg.a(libc_a-wsetup.o)
                0x0200c2b0                __swsetup_r
 .text.__submore
                0x0200c444       0xa8 C:/devkitPro/devkitARM/bin/../lib/gcc/arm-none-eabi/14.2.0/../../../../arm-none-eabi/lib\libg.a(libc_a-ungetc.o)
                0x0200c444                __submore
 .text.memmove  0x0200c4ec      0x164 C:/devkitPro/devkitARM/bin/../lib/gcc/arm-none-eabi/14.2.0/../../../../arm-none-eabi/lib\libg.a(libc_a-memmove.o)
                0x0200c4ec                memmove
 .text.iswspace_l
                0x0200c650       0x40 C:/devkitPro/devkitARM/bin/../lib/gcc/arm-none-eabi/14.2.0/../../../../arm-none-eabi/lib\libg.a(libc_a-iswspace_l.o)
                0x0200c650                iswspace_l
 .text.__sfvwrite_r
                0x0200c690      0x490 C:/devkitPro/devkitARM/bin/../lib/gcc/arm-none-eabi/14.2.0/../../../../arm-none-eabi/lib\libg.a(libc_a-fvwrite.o)
                0x0200c690                __sfvwrite_r
 .text._strtoll_l.isra.0
                0x0200cb20      0x49c C:/devkitPro/devkitARM/bin/../lib/gcc/arm-none-eabi/14.2.0/../../../../arm-none-eabi/lib\libg.a(libc_a-strtoll.o)
 .text._strtoll_r
                0x0200cfbc       0x30 C:/devkitPro/devkitARM/bin/../lib/gcc/arm-none-eabi/14.2.0/../../../../arm-none-eabi/lib\libg.a(libc_a-strtoll.o)
                0x0200cfbc                _strtoll_r
 .text.__locale_mb_cur_max
                0x0200cfec       0x28 C:/devkitPro/devkitARM/bin/../lib/gcc/arm-none-eabi/14.2.0/../../../../arm-none-eabi/lib\libg.a(libc_a-locale.o)
                0x0200cfec                __locale_mb_cur_max
 .text._wcsnrtombs_l
                0x0200d014      0x170 C:/devkitPro/devkitARM/bin/../lib/gcc/arm-none-eabi/14.2.0/../../../../arm-none-eabi/lib\libg.a(libc_a-wcsnrtombs.o)
                0x0200d014                _wcsnrtombs_l
 .text._wcsnrtombs_r
                0x0200d184       0x68 C:/devkitPro/devkitARM/bin/../lib/gcc/arm-none-eabi/14.2.0/../../../../arm-none-eabi/lib\libg.a(libc_a-wcsnrtombs.o)
                0x0200d184                _wcsnrtombs_r
 .text.__utf8_mbtowc
                0x0200d1ec      0x334 C:/devkitPro/devkitARM/bin/../lib/gcc/arm-none-eabi/14.2.0/../../../../arm-none-eabi/lib\libg.a(libc_a-mbtowc_r.o)
                0x0200d1ec                __utf8_mbtowc
 .text._fclose_r
                0x0200d520      0x150 C:/devkitPro/devkitARM/bin/../lib/gcc/arm-none-eabi/14.2.0/../../../../arm-none-eabi/lib\libg.a(libc_a-fclose.o)
                0x0200d520                _fclose_r
 .text.category
                0x0200d670       0x98 C:/devkitPro/devkitARM/bin/../lib/gcc/arm-none-eabi/14.2.0/../../../../arm-none-eabi/lib\libg.a(libc_a-categories.o)
                0x0200d670                category
 .text.__utf8_wctomb
                0x0200d708       0xf4 C:/devkitPro/devkitARM/bin/../lib/gcc/arm-none-eabi/14.2.0/../../../../arm-none-eabi/lib\libg.a(libc_a-wctomb_r.o)
                0x0200d708                __utf8_wctomb
 .text._exit    0x0200d7fc       0x20 C:/devkitPro/devkitARM/bin/../lib/gcc/arm-none-eabi/14.2.0/../../../../arm-none-eabi/lib\libsysbase.a(libsysbase_libsysbase_a-_exit.o)
                0x0200d7fc                _exit
 .text._fstat_r
                0x0200d81c       0x8c C:/devkitPro/devkitARM/bin/../lib/gcc/arm-none-eabi/14.2.0/../../../../arm-none-eabi/lib\libsysbase.a(libsysbase_libsysbase_a-fstat.o)
                0x0200d81c                _fstat_r
 .text.__getreent
                0x0200d8a8       0x30 C:/devkitPro/devkitARM/bin/../lib/gcc/arm-none-eabi/14.2.0/../../../../arm-none-eabi/lib\libsysbase.a(libsysbase_libsysbase_a-getreent.o)
                0x0200d8a8                __getreent
 .text.__get_handle
                0x0200d8d8       0x40 C:/devkitPro/devkitARM/bin/../lib/gcc/arm-none-eabi/14.2.0/../../../../arm-none-eabi/lib\libsysbase.a(libsysbase_libsysbase_a-handle_manager.o)
                0x0200d8d8                __get_handle
 .text._close_r
                0x0200d918       0xfc C:/devkitPro/devkitARM/bin/../lib/gcc/arm-none-eabi/14.2.0/../../../../arm-none-eabi/lib\libsysbase.a(libsysbase_libsysbase_a-handle_manager.o)
                0x0200d918                _close_r
 .text.null_write
                0x0200da14        0x8 C:/devkitPro/devkitARM/bin/../lib/gcc/arm-none-eabi/14.2.0/../../../../arm-none-eabi/lib\libsysbase.a(libsysbase_libsysbase_a-iosupport.o)
 .text._isatty_r
                0x0200da1c        0x8 C:/devkitPro/devkitARM/bin/../lib/gcc/arm-none-eabi/14.2.0/../../../../arm-none-eabi/lib\libsysbase.a(libsysbase_libsysbase_a-isatty.o)
                0x0200da1c                _isatty_r
 .text._lseek_r
                0x0200da24       0x90 C:/devkitPro/devkitARM/bin/../lib/gcc/arm-none-eabi/14.2.0/../../../../arm-none-eabi/lib\libsysbase.a(libsysbase_libsysbase_a-lseek.o)
                0x0200da24                _lseek_r
 .text._read_r  0x0200dab4       0x8c C:/devkitPro/devkitARM/bin/../lib/gcc/arm-none-eabi/14.2.0/../../../../arm-none-eabi/lib\libsysbase.a(libsysbase_libsysbase_a-read.o)
                0x0200dab4                _read_r
 .text._sbrk_r  0x0200db40       0x78 C:/devkitPro/devkitARM/bin/../lib/gcc/arm-none-eabi/14.2.0/../../../../arm-none-eabi/lib\libsysbase.a(libsysbase_libsysbase_a-sbrk.o)
                0x0200db40                _sbrk_r
 .text.__libc_lock_acquire
                0x0200dbb8       0x20 C:/devkitPro/devkitARM/bin/../lib/gcc/arm-none-eabi/14.2.0/../../../../arm-none-eabi/lib\libsysbase.a(libsysbase_libsysbase_a-syscall_support.o)
                0x0200dbb8                __libc_lock_acquire
 .text.__libc_lock_release
                0x0200dbd8       0x20 C:/devkitPro/devkitARM/bin/../lib/gcc/arm-none-eabi/14.2.0/../../../../arm-none-eabi/lib\libsysbase.a(libsysbase_libsysbase_a-syscall_support.o)
                0x0200dbd8                __libc_lock_release
 .text.__libc_lock_acquire_recursive
                0x0200dbf8       0x20 C:/devkitPro/devkitARM/bin/../lib/gcc/arm-none-eabi/14.2.0/../../../../arm-none-eabi/lib\libsysbase.a(libsysbase_libsysbase_a-syscall_support.o)
                0x0200dbf8                __libc_lock_acquire_recursive
 .text.__libc_lock_release_recursive
                0x0200dc18       0x20 C:/devkitPro/devkitARM/bin/../lib/gcc/arm-none-eabi/14.2.0/../../../../arm-none-eabi/lib\libsysbase.a(libsysbase_libsysbase_a-syscall_support.o)
                0x0200dc18                __libc_lock_release_recursive
 .text._write_r
                0x0200dc38       0x8c C:/devkitPro/devkitARM/bin/../lib/gcc/arm-none-eabi/14.2.0/../../../../arm-none-eabi/lib\libsysbase.a(libsysbase_libsysbase_a-write.o)
                0x0200dc38                _write_r
 .text          0x0200dcc4      0x114 C:/devkitPro/devkitARM/bin/../lib/gcc/arm-none-eabi/14.2.0\libgcc.a(_udivsi3.o)
                0x0200dcc4                __aeabi_uidiv
                0x0200dcc4                __udivsi3
                0x0200ddb8                __aeabi_uidivmod
 EXCLUDE_FILE(*.twl.*) *(.glue_7t .glue_7 .vfp11_veneer .v4_bx)
 .glue_7        0x0200ddd8        0x0 linker stubs
 .glue_7t       0x0200ddd8        0x0 linker stubs
 .vfp11_veneer  0x0200ddd8        0x0 linker stubs
 .v4_bx         0x0200ddd8        0x0 linker stubs
 *(SORT_NONE(.fini))
 .fini          0x0200ddd8        0xc C:/devkitPro/devkitARM/bin/../lib/gcc/arm-none-eabi/14.2.0/crti.o
                0x0200ddd8                _fini
 .fini          0x0200dde4        0xc C:/devkitPro/devkitARM/bin/../lib/gcc/arm-none-eabi/14.2.0/crtn.o
 EXCLUDE_FILE(*.twl.*) *(.rodata .rodata.* .gnu.linkonce.r.*)
 .rodata.RenderBorders.str1.4
                0x0200ddf0      0x188 main.o
                                  0xe (size before relaxing)
 .rodata.Loose.str1.4
                0x0200df78       0x55 main.o
 .rodata.main.str1.4
                0x0200df78       0x8a main.o
 .rodata.con_write.str1.4
                0x0200df78       0x30 C:/devkitPro/libnds/lib\libnds9.a(console.o)
 .rodata.con_write
                0x0200df78       0xd4 C:/devkitPro/libnds/lib\libnds9.a(console.o)
 .rodata.str1.4
                0x0200e04c       0x14 C:/devkitPro/libnds/lib\libnds9.a(console.o)
 .rodata.dotab_stdout
                0x0200e04c       0x80 C:/devkitPro/libnds/lib\libnds9.a(console.o)
 .rodata.default_font_bin
                0x0200e0cc      0x800 C:/devkitPro/libnds/lib\libnds9.a(default_font.bin.o)
                0x0200e0cc                default_font_bin
                0x0200e8cc                default_font_bin_end
 .rodata.SIN_LUT
                0x0200e8cc      0x102 C:/devkitPro/libnds/lib\libnds9.a(trig.o)
                0x0200e8cc                SIN_LUT
 .rodata.get_arg
                0x0200e9ce       0x34 C:/devkitPro/devkitARM/bin/../lib/gcc/arm-none-eabi/14.2.0/../../../../arm-none-eabi/lib\libg.a(libc_a-vfiprintf.o)
 .rodata._vfiprintf_r.str1.1
                0x0200ea02       0x29 C:/devkitPro/devkitARM/bin/../lib/gcc/arm-none-eabi/14.2.0/../../../../arm-none-eabi/lib\libg.a(libc_a-vfiprintf.o)
 *fill*         0x0200ea2b        0x1 ff
 .rodata._vfiprintf_r
                0x0200ea2c       0xb6 C:/devkitPro/devkitARM/bin/../lib/gcc/arm-none-eabi/14.2.0/../../../../arm-none-eabi/lib\libg.a(libc_a-vfiprintf.o)
 *fill*         0x0200eae2        0x2 ff
 .rodata.zeroes.0
                0x0200eae4       0x10 C:/devkitPro/devkitARM/bin/../lib/gcc/arm-none-eabi/14.2.0/../../../../arm-none-eabi/lib\libg.a(libc_a-vfiprintf.o)
 .rodata.blanks.1
                0x0200eaf4       0x10 C:/devkitPro/devkitARM/bin/../lib/gcc/arm-none-eabi/14.2.0/../../../../arm-none-eabi/lib\libg.a(libc_a-vfiprintf.o)
 .rodata.__ssvfiscanf_r
                0x0200eb04       0x7f C:/devkitPro/devkitARM/bin/../lib/gcc/arm-none-eabi/14.2.0/../../../../arm-none-eabi/lib\libg.a(libc_a-svfiscanf.o)
 *fill*         0x0200eb83        0x1 ff
 .rodata.basefix.0
                0x0200eb84       0x22 C:/devkitPro/devkitARM/bin/../lib/gcc/arm-none-eabi/14.2.0/../../../../arm-none-eabi/lib\libg.a(libc_a-svfiscanf.o)
 *fill*         0x0200eba6        0x2 ff
 .rodata._ctype_
                0x0200eba8      0x101 C:/devkitPro/devkitARM/bin/../lib/gcc/arm-none-eabi/14.2.0/../../../../arm-none-eabi/lib\libg.a(libc_a-ctype_.o)
                0x0200eba8                _ctype_
 *fill*         0x0200eca9        0x3 ff
 .rodata.__action_table
                0x0200ecac       0x6c C:/devkitPro/devkitARM/bin/../lib/gcc/arm-none-eabi/14.2.0/../../../../arm-none-eabi/lib\libg.a(libc_a-svfiprintf.o)
                0x0200ecac                __action_table
 .rodata.__state_table
                0x0200ed18       0x6c C:/devkitPro/devkitARM/bin/../lib/gcc/arm-none-eabi/14.2.0/../../../../arm-none-eabi/lib\libg.a(libc_a-svfiprintf.o)
                0x0200ed18                __state_table
 .rodata.__chclass
                0x0200ed84      0x100 C:/devkitPro/devkitARM/bin/../lib/gcc/arm-none-eabi/14.2.0/../../../../arm-none-eabi/lib\libg.a(libc_a-svfiprintf.o)
                0x0200ed84                __chclass
 .rodata._mbrtowc_r.str1.4
                0x0200ee84        0x1 C:/devkitPro/devkitARM/bin/../lib/gcc/arm-none-eabi/14.2.0/../../../../arm-none-eabi/lib\libg.a(libc_a-mbrtowc.o)
 .rodata.str1.4
                0x0200ee84       0x4c C:/devkitPro/devkitARM/bin/../lib/gcc/arm-none-eabi/14.2.0/../../../../arm-none-eabi/lib\libg.a(libc_a-locale.o)
 .rodata.categories
                0x0200ee84     0x35dc C:/devkitPro/devkitARM/bin/../lib/gcc/arm-none-eabi/14.2.0/../../../../arm-none-eabi/lib\libg.a(libc_a-categories.o)
 .rodata.AddDevice.str1.4
                0x02012460        0x8 C:/devkitPro/devkitARM/bin/../lib/gcc/arm-none-eabi/14.2.0/../../../../arm-none-eabi/lib\libsysbase.a(libsysbase_libsysbase_a-iosupport.o)
 .rodata.dotab_stdnull
                0x02012460       0x80 C:/devkitPro/devkitARM/bin/../lib/gcc/arm-none-eabi/14.2.0/../../../../arm-none-eabi/lib\libsysbase.a(libsysbase_libsysbase_a-iosupport.o)
                0x02012460                dotab_stdnull
 EXCLUDE_FILE(*.twl.*) *(.rodata1)
                0x020124e0                        . = ALIGN (0x4)

.main.rw        0x020124e0     0x1840 load address 0x0201651c
 EXCLUDE_FILE(*.twl.*) *(.data .data.* .gnu.linkonce.d.*)
 .data.SnakeLength
                0x020124e0        0x4 main.o
                0x020124e0                SnakeLength
 .data.Lifes    0x020124e4        0x4 main.o
                0x020124e4                Lifes
 .data.VSnakeX  0x020124e8        0x4 main.o
                0x020124e8                VSnakeX
 .data.SnakeY   0x020124ec        0x4 main.o
                0x020124ec                SnakeY
 .data.SnakeX   0x020124f0        0x4 main.o
                0x020124f0                SnakeX
 .data.GenBall  0x020124f4        0x1 main.o
                0x020124f4                GenBall
 .data.firstConsoleInit.0
                0x020124f5        0x1 C:/devkitPro/libnds/lib\libnds9.a(console.o)
 *fill*         0x020124f6        0x2 ff
 .data.currentConsole
                0x020124f8        0x4 C:/devkitPro/libnds/lib\libnds9.a(console.o)
                0x020124f8                currentConsole
 .data.defaultConsole
                0x020124fc       0x5c C:/devkitPro/libnds/lib\libnds9.a(console.o)
                0x020124fc                defaultConsole
 .data.count    0x02012558        0x1 C:/devkitPro/libnds/lib\libnds9.a(keys.o)
 .data.repeat   0x02012559        0x1 C:/devkitPro/libnds/lib\libnds9.a(keys.o)
 .data.delay    0x0201255a        0x1 C:/devkitPro/libnds/lib\libnds9.a(keys.o)
 *fill*         0x0201255b        0x1 ff
 .data.bgTransform
                0x0201255c       0x20 C:/devkitPro/libnds/lib\libnds9.a(background.o)
                0x0201255c                bgTransform
 .data.bgScrollTable
                0x0201257c       0x20 C:/devkitPro/libnds/lib\libnds9.a(background.o)
                0x0201257c                bgScrollTable
 .data.bgControl
                0x0201259c       0x20 C:/devkitPro/libnds/lib\libnds9.a(background.o)
                0x0201259c                bgControl
 .data.__malloc_sbrk_base
                0x020125bc        0x4 C:/devkitPro/devkitARM/bin/../lib/gcc/arm-none-eabi/14.2.0/../../../../arm-none-eabi/lib\libg.a(libc_a-mallocr.o)
                0x020125bc                __malloc_sbrk_base
 .data.__malloc_trim_threshold
                0x020125c0        0x4 C:/devkitPro/devkitARM/bin/../lib/gcc/arm-none-eabi/14.2.0/../../../../arm-none-eabi/lib\libg.a(libc_a-mallocr.o)
                0x020125c0                __malloc_trim_threshold
 *fill*         0x020125c4        0x4 ff
 .data.__malloc_av_
                0x020125c8      0x408 C:/devkitPro/devkitARM/bin/../lib/gcc/arm-none-eabi/14.2.0/../../../../arm-none-eabi/lib\libg.a(libc_a-mallocr.o)
                0x020125c8                __malloc_av_
 .data._impure_ptr
                0x020129d0        0x4 C:/devkitPro/devkitARM/bin/../lib/gcc/arm-none-eabi/14.2.0/../../../../arm-none-eabi/lib\libg.a(libc_a-impure.o)
                0x020129d0                _impure_ptr
 *fill*         0x020129d4        0x4 ff
 .data._impure_data
                0x020129d8      0x120 C:/devkitPro/devkitARM/bin/../lib/gcc/arm-none-eabi/14.2.0/../../../../arm-none-eabi/lib\libg.a(libc_a-impure.o)
                0x020129d8                _impure_data
 .data.__sglue  0x02012af8        0xc C:/devkitPro/devkitARM/bin/../lib/gcc/arm-none-eabi/14.2.0/../../../../arm-none-eabi/lib\libg.a(libc_a-findfp.o)
                0x02012af8                __sglue
 .data.__global_locale
                0x02012b04      0x16c C:/devkitPro/devkitARM/bin/../lib/gcc/arm-none-eabi/14.2.0/../../../../arm-none-eabi/lib\libg.a(libc_a-locale.o)
                0x02012b04                __global_locale
 .data.handles  0x02012c70     0x1000 C:/devkitPro/devkitARM/bin/../lib/gcc/arm-none-eabi/14.2.0/../../../../arm-none-eabi/lib\libsysbase.a(libsysbase_libsysbase_a-handle_manager.o)
 .data.__stderr_handle
                0x02013c70        0xc C:/devkitPro/devkitARM/bin/../lib/gcc/arm-none-eabi/14.2.0/../../../../arm-none-eabi/lib\libsysbase.a(libsysbase_libsysbase_a-handle_manager.o)
 .data.__stdout_handle
                0x02013c7c        0xc C:/devkitPro/devkitARM/bin/../lib/gcc/arm-none-eabi/14.2.0/../../../../arm-none-eabi/lib\libsysbase.a(libsysbase_libsysbase_a-handle_manager.o)
 .data.__stdin_handle
                0x02013c88        0xc C:/devkitPro/devkitARM/bin/../lib/gcc/arm-none-eabi/14.2.0/../../../../arm-none-eabi/lib\libsysbase.a(libsysbase_libsysbase_a-handle_manager.o)
 .data.devoptab_list
                0x02013c94       0x8c C:/devkitPro/devkitARM/bin/../lib/gcc/arm-none-eabi/14.2.0/../../../../arm-none-eabi/lib\libsysbase.a(libsysbase_libsysbase_a-iosupport.o)
                0x02013c94                devoptab_list
 EXCLUDE_FILE(*.twl.*) *(.data1)
 EXCLUDE_FILE(*.twl.*) *(.igot.plt)
 .igot.plt      0x02013d20        0x0 C:/devkitPro/devkitARM/bin/../lib/gcc/arm-none-eabi/14.2.0/crtbegin.o
                0x02013d20                        . = ALIGN (0x4)

.ARM.extab
 *(.ARM.extab* .gnu.linkonce.armextab.*)

.ARM.exidx      0x02013d20        0x0 load address 0x02017d5c
 *(.ARM.exidx* .gnu.linkonce.armexidx.*)
                [!provide]                        PROVIDE (__exidx_start = ADDR (.ARM.exidx))
                [!provide]                        PROVIDE (__exidx_end = (ADDR (.ARM.exidx) + SIZEOF (.ARM.exidx)))

.eh_frame_hdr
 *(.eh_frame_hdr)
 *(.eh_frame_entry .eh_frame_entry.*)

.eh_frame       0x02013d20        0x4 load address 0x02017d5c
 *(.eh_frame)
 .eh_frame      0x02013d20        0x0 C:/devkitPro/devkitARM/bin/../lib/gcc/arm-none-eabi/14.2.0/crtbegin.o
 .eh_frame      0x02013d20        0x4 C:/devkitPro/devkitARM/bin/../lib/gcc/arm-none-eabi/14.2.0/crtend.o
 *(.eh_frame.*)

.gcc_except_table
 *(.gcc_except_table .gcc_except_table.*)

.gnu_extab
 *(.gnu_extab*)

.tinfo          0x02013d24        0xc load address 0x02017d60
                0x02013d24        0x4 LONG 0x2013d38 __tls_start
                0x02013d28        0x4 LONG 0x0 SIZEOF (.main.tls)
                0x02013d2c        0x4 LONG 0x0 SIZEOF (.tdata)
                0x02013d24                        PROVIDE (__tls_info = ADDR (.tinfo))

.preinit_array  0x02013d30        0x0 load address 0x02017d6c
                0x02013d30                        PROVIDE (__preinit_array_start = .)
 *(.preinit_array)
                0x02013d30                        PROVIDE (__preinit_array_end = .)

.init_array     0x02013d30        0x4 load address 0x02017d6c
                0x02013d30                        PROVIDE (__init_array_start = .)
 *(SORT_BY_INIT_PRIORITY(.init_array.*) SORT_BY_INIT_PRIORITY(.ctors.*))
 *(.init_array .ctors)
 .init_array    0x02013d30        0x4 C:/devkitPro/devkitARM/bin/../lib/gcc/arm-none-eabi/14.2.0/crtbegin.o
                0x02013d34                        PROVIDE (__init_array_end = .)

.fini_array     0x02013d34        0x4 load address 0x02017d70
                0x02013d34                        PROVIDE (__fini_array_start = .)
 *(SORT_BY_INIT_PRIORITY(.fini_array.*) SORT_BY_INIT_PRIORITY(.dtors.*))
 *(.fini_array .dtors)
 .fini_array    0x02013d34        0x4 C:/devkitPro/devkitARM/bin/../lib/gcc/arm-none-eabi/14.2.0/crtbegin.o
                0x02013d38                        PROVIDE (__fini_array_end = .)
                [!provide]                        PROVIDE (__main_lma = LOADADDR (.main))
                0x02001340                        PROVIDE (__main_start = ADDR (.main))
                0x02013d38                        PROVIDE (__main_end = (ADDR (.fini_array) + SIZEOF (.fini_array)))

.tdata          0x00000000        0x0 load address 0x02017d74
 *(.tdata .tdata.* .gnu.linkonce.td.*)
                0x00000000                        . = ALIGN (0x4)

.tbss           0x00000000        0x0 load address 0x02017d74
 *(.tbss .tbss.* .gnu.linkonce.tb.*)
 *(.tcommon)
                0x00000000                        . = ALIGN (0x4)
                0x00000001                        ASSERT (((ALIGNOF (.tdata) <= 0x8) || (ALIGNOF (.tbss) <= 0x8)), Error: TLS is overaligned (up to 8-byte alignment is supported))
                0x00000001                        ASSERT (((ADDR (.tbss) + SIZEOF (.tbss)) <= (ORIGIN (tls) + LENGTH (tls))), Error: TLS section too large)

.main.tls       0x02013d38        0x0
                0x02013d38                        . = (. + ((ADDR (.tbss) + SIZEOF (.tbss)) - ADDR (.tdata)))
                [!provide]                        PROVIDE (__tls_lma = LOADADDR (.tdata))
                0x02013d38                        PROVIDE (__tls_start = ADDR (.main.tls))
                0x02013d38                        PROVIDE (__tls_end = (ADDR (.main.tls) + SIZEOF (.tdata)))

.main.bss       0x02013d38     0xc57c
 EXCLUDE_FILE(*.twl.*) *(.dynbss)
 EXCLUDE_FILE(*.twl.*) *(.bss .bss.* .gnu.linkonce.b.*)
 .bss.completed.1
                0x02013d38        0x1 C:/devkitPro/devkitARM/bin/../lib/gcc/arm-none-eabi/14.2.0/crtbegin.o
 *fill*         0x02013d39        0x3 
 .bss.object.0  0x02013d3c       0x18 C:/devkitPro/devkitARM/bin/../lib/gcc/arm-none-eabi/14.2.0/crtbegin.o
 *fill*         0x02013d54        0x4 
 .bss.SnakePOSbuffer
                0x02013d58     0xbb80 main.o
                0x02013d58                SnakePOSbuffer
 .bss.counter   0x0201f8d8        0x4 main.o
                0x0201f8d8                counter
 .bss.Score     0x0201f8dc        0x4 main.o
                0x0201f8dc                Score
 .bss.VSnakeY   0x0201f8e0        0x4 main.o
                0x0201f8e0                VSnakeY
 .bss.ANSBallY  0x0201f8e4        0x4 main.o
                0x0201f8e4                ANSBallY
 .bss.ANSBallX  0x0201f8e8        0x4 main.o
                0x0201f8e8                ANSBallX
 .bss.BallY     0x0201f8ec        0x4 main.o
                0x0201f8ec                BallY
 .bss.BallX     0x0201f8f0        0x4 main.o
                0x0201f8f0                BallX
 .bss.BallEaten
                0x0201f8f4        0x1 main.o
                0x0201f8f4                BallEaten
 .bss.PressedButton
                0x0201f8f5        0x1 main.o
                0x0201f8f5                PressedButton
 .bss.Start     0x0201f8f6        0x1 main.o
                0x0201f8f6                Start
 .bss.Resume    0x0201f8f7        0x1 main.o
                0x0201f8f7                Resume
 .bss.bottomScreen
                0x0201f8f8       0x5c main.o
                0x0201f8f8                bottomScreen
 .bss.topScreen
                0x0201f954       0x5c main.o
                0x0201f954                topScreen
 .bss.currentCopy
                0x0201f9b0       0x5c C:/devkitPro/libnds/lib\libnds9.a(console.o)
                0x0201f9b0                currentCopy
 .bss.keysrepeat
                0x0201fa0c        0x2 C:/devkitPro/libnds/lib\libnds9.a(keys.o)
 *fill*         0x0201fa0e        0x2 
 .bss.s_keypad  0x0201fa10        0x4 C:/devkitPro/libnds/lib\libnds9.a(keys.o)
 .bss.bgIsTextLut
                0x0201fa14        0x8 C:/devkitPro/libnds/lib\libnds9.a(background.o)
                0x0201fa14                bgIsTextLut
 .bss.bgState   0x0201fa1c      0x140 C:/devkitPro/libnds/lib\libnds9.a(background.o)
                0x0201fa1c                bgState
 .bss.s_sleepThreads
                0x0201fb5c        0x8 C:/devkitPro/calico/lib\libcalico_ds9.a(thread_cold.o)
 .bss.s_joinThreads
                0x0201fb64        0x8 C:/devkitPro/calico/lib\libcalico_ds9.a(thread_cold.o)
 .bss.s_idleThread
                0x0201fb6c       0x70 C:/devkitPro/calico/lib\libcalico_ds9.a(thread_cold.o)
 .bss.s_mainThread
                0x0201fbdc       0x70 C:/devkitPro/calico/lib\libcalico_ds9.a(thread_cold.o)
 .bss.s_firstTask
                0x0201fc4c        0x4 C:/devkitPro/calico/lib\libcalico_ds9.a(tick.o)
 .bss.s_highTickCount
                0x0201fc50        0x8 C:/devkitPro/calico/lib\libcalico_ds9.a(tick.o)
 .bss.s_tickInit
                0x0201fc58        0x1 C:/devkitPro/calico/lib\libcalico_ds9.a(tick.o)
 *fill*         0x0201fc59        0x3 
 .bss.s_defaultErrno.0
                0x0201fc5c        0x4 C:/devkitPro/calico/lib\libcalico_ds9.a(newlib_syscalls.o)
 .bss.g_isTwlMode
                0x0201fc60        0x1 C:/devkitPro/calico/lib\libcalico_ds9.a(startup.crt0.o)
                0x0201fc60                g_isTwlMode
 *fill*         0x0201fc61        0x3 
 .bss.s_pxiChannels
                0x0201fc64      0x1f0 C:/devkitPro/calico/lib\libcalico_ds9.a(pxi.o)
 .bss.s_pxiRecvState
                0x0201fe54        0x4 C:/devkitPro/calico/lib\libcalico_ds9.a(pxi.o)
 .bss.s_pxiRecvQueue
                0x0201fe58        0x8 C:/devkitPro/calico/lib\libcalico_ds9.a(pxi.o)
 .bss.s_pxiSendMutex
                0x0201fe60        0x4 C:/devkitPro/calico/lib\libcalico_ds9.a(pxi.o)
 .bss.s_mailboxRecvQueue
                0x0201fe64        0x8 C:/devkitPro/calico/lib\libcalico_ds9.a(mailbox.o)
 *fill*         0x0201fe6c        0x4 
 .bss.s_pmPxiThreadStack
                0x0201fe70      0x200 C:/devkitPro/calico/lib\libcalico_ds9.a(pm.o)
 .bss.s_pmPxiThread
                0x02020070       0x70 C:/devkitPro/calico/lib\libcalico_ds9.a(pm.o)
 .bss.s_pmState
                0x020200e0        0x8 C:/devkitPro/calico/lib\libcalico_ds9.a(pm.o)
 .bss.__malloc_current_mallinfo
                0x020200e8       0x28 C:/devkitPro/devkitARM/bin/../lib/gcc/arm-none-eabi/14.2.0/../../../../arm-none-eabi/lib\libg.a(libc_a-mallocr.o)
                0x020200e8                __malloc_current_mallinfo
 .bss.__malloc_max_total_mem
                0x02020110        0x4 C:/devkitPro/devkitARM/bin/../lib/gcc/arm-none-eabi/14.2.0/../../../../arm-none-eabi/lib\libg.a(libc_a-mallocr.o)
                0x02020110                __malloc_max_total_mem
 .bss.__malloc_max_sbrked_mem
                0x02020114        0x4 C:/devkitPro/devkitARM/bin/../lib/gcc/arm-none-eabi/14.2.0/../../../../arm-none-eabi/lib\libg.a(libc_a-mallocr.o)
                0x02020114                __malloc_max_sbrked_mem
 .bss.__malloc_top_pad
                0x02020118        0x4 C:/devkitPro/devkitARM/bin/../lib/gcc/arm-none-eabi/14.2.0/../../../../arm-none-eabi/lib\libg.a(libc_a-mallocr.o)
                0x02020118                __malloc_top_pad
 .bss.__malloc_recursive_mutex
                0x0202011c        0xc C:/devkitPro/devkitARM/bin/../lib/gcc/arm-none-eabi/14.2.0/../../../../arm-none-eabi/lib\libg.a(libc_a-mlock.o)
 .bss.__sfp_recursive_mutex
                0x02020128        0xc C:/devkitPro/devkitARM/bin/../lib/gcc/arm-none-eabi/14.2.0/../../../../arm-none-eabi/lib\libg.a(libc_a-findfp.o)
 *fill*         0x02020134        0x4 
 .bss.__sf      0x02020138      0x168 C:/devkitPro/devkitARM/bin/../lib/gcc/arm-none-eabi/14.2.0/../../../../arm-none-eabi/lib\libg.a(libc_a-findfp.o)
                0x02020138                __sf
 .bss.__stdio_exit_handler
                0x020202a0        0x4 C:/devkitPro/devkitARM/bin/../lib/gcc/arm-none-eabi/14.2.0/../../../../arm-none-eabi/lib\libg.a(libc_a-findfp.o)
                0x020202a0                __stdio_exit_handler
 .bss.__hndl_lock
                0x020202a4        0x4 C:/devkitPro/devkitARM/bin/../lib/gcc/arm-none-eabi/14.2.0/../../../../arm-none-eabi/lib\libsysbase.a(libsysbase_libsysbase_a-handle_manager.o)
 .bss.fake_heap_start
                0x020202a8        0x4 C:/devkitPro/devkitARM/bin/../lib/gcc/arm-none-eabi/14.2.0/../../../../arm-none-eabi/lib\libsysbase.a(libsysbase_libsysbase_a-malloc_vars.o)
                0x020202a8                fake_heap_start
 .bss.fake_heap_end
                0x020202ac        0x4 C:/devkitPro/devkitARM/bin/../lib/gcc/arm-none-eabi/14.2.0/../../../../arm-none-eabi/lib\libsysbase.a(libsysbase_libsysbase_a-malloc_vars.o)
                0x020202ac                fake_heap_end
 .bss.heap_start.0
                0x020202b0        0x4 C:/devkitPro/devkitARM/bin/../lib/gcc/arm-none-eabi/14.2.0/../../../../arm-none-eabi/lib\libsysbase.a(libsysbase_libsysbase_a-sbrk.o)
 EXCLUDE_FILE(*.twl.*) *(COMMON)
                0x020202b4                        . = ALIGN (0x4)
                [!provide]                        PROVIDE (__main_bss_start = ADDR (.main.bss))
                0x020202b4                        PROVIDE (__main_bss_end = (ADDR (.main.bss) + SIZEOF (.main.bss)))
                0x020202b4                        . = .
                0x020202b4                        PROVIDE (__heap_start_ntr = .)
                0x00000001                        ASSERT ((. <= 0x2380000), Error: DS-mode sections overflow DS ARM9 memory size (3.5 MB))

.twl            0x020202c0        0x0 load address 0x02400000
 *(.twl .twl.*)
 *.twl.*(.text .stub .text.* .gnu.linkonce.t.*)
 *.twl.*(.glue_7t .glue_7 .vfp11_veneer .v4_bx)
 *.twl.*(.rodata .rodata.* .gnu.linkonce.r.*)
 *.twl.*(.rodata1)
                0x020202c0                        . = ALIGN (0x4)

.twl.rw         0x020202c0        0x0 load address 0x02400000
 *.twl.*(.data .data.* .gnu.linkonce.d.*)
 *.twl.*(.data1)
                0x020202c0                        . = ALIGN (0x4)
                0x02400000                        PROVIDE (__twl_lma = LOADADDR (.twl))
                0x020202c0                        PROVIDE (__twl_start = ADDR (.twl))
                0x020202c0                        PROVIDE (__twl_end = (ADDR (.twl.rw) + SIZEOF (.twl.rw)))

.twl.bss        0x020202c0        0x0 load address 0x02400000
 *(.twl_bss .twl_bss.*)
 *.twl.*(.dynbss)
 *.twl.*(.bss .bss.* .gnu.linkonce.b.*)
 *.twl.*(COMMON)
                0x020202c0                        . = ALIGN (0x4)
                [!provide]                        PROVIDE (__twl_bss_start = ADDR (.twl.bss))
                0x020202c0                        PROVIDE (__twl_bss_end = (ADDR (.twl.bss) + SIZEOF (.twl.bss)))
                0x020202c0                        . = .
                0x020202c0                        PROVIDE (__heap_start_twl = .)

.loadlist       0x0e000990       0x30 load address 0x02017d74
                0x0e000990        0x4 LONG 0x1ff8000 __itcm_start
                0x0e000994        0x4 LONG 0x1ff86ac __itcm_end
                0x0e000998        0x4 LONG 0x1ff86ac __itcm_end
                0x0e00099c        0x4 LONG 0x2ff0000 __dtcm_start
                0x0e0009a0        0x4 LONG 0x2ff0000 __dtcm_end
                0x0e0009a4        0x4 LONG 0x2ff0098 __dtcm_bss_end
                0x0e0009a8        0x4 LONG 0x2001340 __main_start
                0x0e0009ac        0x4 LONG 0x2013d38 __main_end
                0x0e0009b0        0x4 LONG 0x2013d38 __main_end
                0x0e0009b4        0x4 LONG 0x2013d38 __tls_start
                0x0e0009b8        0x4 LONG 0x2013d38 __tls_end
                0x0e0009bc        0x4 LONG 0x20202b4 __main_bss_end
                0x02004cd0                        PROVIDE (__loadlist_lma = __itcm_lma)
                0x02017d74                        PROVIDE (__loadlist_start = LOADADDR (.loadlist))
                0x02017da4                        PROVIDE (__loadlist_end = (LOADADDR (.loadlist) + SIZEOF (.loadlist)))

.twl.loadlist   0x0e0009c0        0xc load address 0x02400000
                0x0e0009c0        0x4 LONG 0x20202c0 __twl_start
                0x0e0009c4        0x4 LONG 0x20202c0 __twl_end
                0x0e0009c8        0x4 LONG 0x20202c0 __twl_bss_end
                0x02400000                        PROVIDE (__twl_loadlist_lma = __twl_lma)
                0x02400000                        PROVIDE (__twl_loadlist_start = LOADADDR (.twl.loadlist))
                0x0240000c                        PROVIDE (__twl_loadlist_end = (LOADADDR (.twl.loadlist) + SIZEOF (.twl.loadlist)))

.rel.dyn        0x0e0009cc        0x0 load address 0x0240000c
 .rel.iplt      0x0e0009cc        0x0 C:/devkitPro/devkitARM/bin/../lib/gcc/arm-none-eabi/14.2.0/crtbegin.o

.stab
 *(.stab)

.stabstr
 *(.stabstr)

.stab.excl
 *(.stab.excl)

.stab.exclstr
 *(.stab.exclstr)

.stab.index
 *(.stab.index)

.stab.indexstr
 *(.stab.indexstr)

.comment        0x00000000       0x23
 *(.comment)
 .comment       0x00000000       0x23 C:/devkitPro/devkitARM/bin/../lib/gcc/arm-none-eabi/14.2.0/crtbegin.o
                                 0x24 (size before relaxing)
 .comment       0x00000023       0x24 main.o
 .comment       0x00000023       0x24 C:/devkitPro/libnds/lib\libnds9.a(console.o)
 .comment       0x00000023       0x24 C:/devkitPro/libnds/lib\libnds9.a(keys.o)
 .comment       0x00000023       0x24 C:/devkitPro/libnds/lib\libnds9.a(background.o)
 .comment       0x00000023       0x24 C:/devkitPro/libnds/lib\libnds9.a(trig.o)
 .comment       0x00000023       0x24 C:/devkitPro/calico/lib\libcalico_ds9.a(thread_cold.o)
 .comment       0x00000023       0x24 C:/devkitPro/calico/lib\libcalico_ds9.a(thread_hot.32.o)
 .comment       0x00000023       0x24 C:/devkitPro/calico/lib\libcalico_ds9.a(arm-shims.32.o)
 .comment       0x00000023       0x24 C:/devkitPro/calico/lib\libcalico_ds9.a(keypad.o)
 .comment       0x00000023       0x24 C:/devkitPro/calico/lib\libcalico_ds9.a(touch.o)
 .comment       0x00000023       0x24 C:/devkitPro/calico/lib\libcalico_ds9.a(tick.o)
 .comment       0x00000023       0x24 C:/devkitPro/calico/lib\libcalico_ds9.a(newlib_syscalls.o)
 .comment       0x00000023       0x24 C:/devkitPro/calico/lib\libcalico_ds9.a(startup.crt0.o)
 .comment       0x00000023       0x24 C:/devkitPro/calico/lib\libcalico_ds9.a(pxi.o)
 .comment       0x00000023       0x24 C:/devkitPro/calico/lib\libcalico_ds9.a(sys_startup.o)
 .comment       0x00000023       0x24 C:/devkitPro/calico/lib\libcalico_ds9.a(irq.o)
 .comment       0x00000023       0x24 C:/devkitPro/calico/lib\libcalico_ds9.a(mutex.o)
 .comment       0x00000023       0x24 C:/devkitPro/calico/lib\libcalico_ds9.a(mailbox.o)
 .comment       0x00000023       0x24 C:/devkitPro/calico/lib\libcalico_ds9.a(pm.o)
 .comment       0x00000023       0x24 C:/devkitPro/devkitARM/bin/../lib/gcc/arm-none-eabi/14.2.0\libgcc.a(_udivmoddi4.o)
 .comment       0x00000023       0x24 C:/devkitPro/devkitARM/bin/../lib/gcc/arm-none-eabi/14.2.0/../../../../arm-none-eabi/lib\libg.a(libc_a-rand.o)
 .comment       0x00000023       0x24 C:/devkitPro/devkitARM/bin/../lib/gcc/arm-none-eabi/14.2.0/../../../../arm-none-eabi/lib\libg.a(libc_a-siscanf.o)
 .comment       0x00000023       0x24 C:/devkitPro/devkitARM/bin/../lib/gcc/arm-none-eabi/14.2.0/../../../../arm-none-eabi/lib\libg.a(libc_a-stdio.o)
 .comment       0x00000023       0x24 C:/devkitPro/devkitARM/bin/../lib/gcc/arm-none-eabi/14.2.0/../../../../arm-none-eabi/lib\libg.a(libc_a-mallocr.o)
 .comment       0x00000023       0x24 C:/devkitPro/devkitARM/bin/../lib/gcc/arm-none-eabi/14.2.0/../../../../arm-none-eabi/lib\libg.a(libc_a-freer.o)
 .comment       0x00000023       0x24 C:/devkitPro/devkitARM/bin/../lib/gcc/arm-none-eabi/14.2.0/../../../../arm-none-eabi/lib\libg.a(libc_a-setvbuf.o)
 .comment       0x00000023       0x24 C:/devkitPro/devkitARM/bin/../lib/gcc/arm-none-eabi/14.2.0/../../../../arm-none-eabi/lib\libg.a(libc_a-malloc.o)
 .comment       0x00000023       0x24 C:/devkitPro/devkitARM/bin/../lib/gcc/arm-none-eabi/14.2.0/../../../../arm-none-eabi/lib\libg.a(libc_a-memcpy-stub.o)
 .comment       0x00000023       0x24 C:/devkitPro/devkitARM/bin/../lib/gcc/arm-none-eabi/14.2.0/../../../../arm-none-eabi/lib\libg.a(libc_a-memset.o)
 .comment       0x00000023       0x24 C:/devkitPro/devkitARM/bin/../lib/gcc/arm-none-eabi/14.2.0/../../../../arm-none-eabi/lib\libg.a(libc_a-mlock.o)
 .comment       0x00000023       0x24 C:/devkitPro/devkitARM/bin/../lib/gcc/arm-none-eabi/14.2.0/../../../../arm-none-eabi/lib\libg.a(libc_a-exit.o)
 .comment       0x00000023       0x24 C:/devkitPro/devkitARM/bin/../lib/gcc/arm-none-eabi/14.2.0/../../../../arm-none-eabi/lib\libg.a(libc_a-iprintf.o)
 .comment       0x00000023       0x24 C:/devkitPro/devkitARM/bin/../lib/gcc/arm-none-eabi/14.2.0/../../../../arm-none-eabi/lib\libg.a(libc_a-init.o)
 .comment       0x00000023       0x24 C:/devkitPro/devkitARM/bin/../lib/gcc/arm-none-eabi/14.2.0/../../../../arm-none-eabi/lib\libg.a(libc_a-fflush.o)
 .comment       0x00000023       0x24 C:/devkitPro/devkitARM/bin/../lib/gcc/arm-none-eabi/14.2.0/../../../../arm-none-eabi/lib\libg.a(libc_a-strlen-stub.o)
 .comment       0x00000023       0x24 C:/devkitPro/devkitARM/bin/../lib/gcc/arm-none-eabi/14.2.0/../../../../arm-none-eabi/lib\libg.a(libc_a-impure.o)
 .comment       0x00000023       0x24 C:/devkitPro/devkitARM/bin/../lib/gcc/arm-none-eabi/14.2.0/../../../../arm-none-eabi/lib\libg.a(libc_a-vfiprintf.o)
 .comment       0x00000023       0x24 C:/devkitPro/devkitARM/bin/../lib/gcc/arm-none-eabi/14.2.0/../../../../arm-none-eabi/lib\libg.a(libc_a-malignr.o)
 .comment       0x00000023       0x24 C:/devkitPro/devkitARM/bin/../lib/gcc/arm-none-eabi/14.2.0/../../../../arm-none-eabi/lib\libg.a(libc_a-memchr-stub.o)
 .comment       0x00000023       0x24 C:/devkitPro/devkitARM/bin/../lib/gcc/arm-none-eabi/14.2.0/../../../../arm-none-eabi/lib\libg.a(libc_a-svfiscanf.o)
 .comment       0x00000023       0x24 C:/devkitPro/devkitARM/bin/../lib/gcc/arm-none-eabi/14.2.0/../../../../arm-none-eabi/lib\libg.a(libc_a-strtoul.o)
 .comment       0x00000023       0x24 C:/devkitPro/devkitARM/bin/../lib/gcc/arm-none-eabi/14.2.0/../../../../arm-none-eabi/lib\libg.a(libc_a-fini.o)
 .comment       0x00000023       0x24 C:/devkitPro/devkitARM/bin/../lib/gcc/arm-none-eabi/14.2.0/../../../../arm-none-eabi/lib\libg.a(libc_a-sprint_r.o)
 .comment       0x00000023       0x24 C:/devkitPro/devkitARM/bin/../lib/gcc/arm-none-eabi/14.2.0/../../../../arm-none-eabi/lib\libg.a(libc_a-iswspace.o)
 .comment       0x00000023       0x24 C:/devkitPro/devkitARM/bin/../lib/gcc/arm-none-eabi/14.2.0/../../../../arm-none-eabi/lib\libg.a(libc_a-sccl.o)
 .comment       0x00000023       0x24 C:/devkitPro/devkitARM/bin/../lib/gcc/arm-none-eabi/14.2.0/../../../../arm-none-eabi/lib\libg.a(libc_a-localeconv.o)
 .comment       0x00000023       0x24 C:/devkitPro/devkitARM/bin/../lib/gcc/arm-none-eabi/14.2.0/../../../../arm-none-eabi/lib\libg.a(libc_a-makebuf.o)
 .comment       0x00000023       0x24 C:/devkitPro/devkitARM/bin/../lib/gcc/arm-none-eabi/14.2.0/../../../../arm-none-eabi/lib\libg.a(libc_a-realloc.o)
 .comment       0x00000023       0x24 C:/devkitPro/devkitARM/bin/../lib/gcc/arm-none-eabi/14.2.0/../../../../arm-none-eabi/lib\libg.a(libc_a-findfp.o)
 .comment       0x00000023       0x24 C:/devkitPro/devkitARM/bin/../lib/gcc/arm-none-eabi/14.2.0/../../../../arm-none-eabi/lib\libg.a(libc_a-wcrtomb.o)
 .comment       0x00000023       0x24 C:/devkitPro/devkitARM/bin/../lib/gcc/arm-none-eabi/14.2.0/../../../../arm-none-eabi/lib\libg.a(libc_a-strtol.o)
 .comment       0x00000023       0x24 C:/devkitPro/devkitARM/bin/../lib/gcc/arm-none-eabi/14.2.0/../../../../arm-none-eabi/lib\libg.a(libc_a-ctype_.o)
 .comment       0x00000023       0x24 C:/devkitPro/devkitARM/bin/../lib/gcc/arm-none-eabi/14.2.0/../../../../arm-none-eabi/lib\libg.a(libc_a-reallocr.o)
 .comment       0x00000023       0x24 C:/devkitPro/devkitARM/bin/../lib/gcc/arm-none-eabi/14.2.0/../../../../arm-none-eabi/lib\libg.a(libc_a-fwalk.o)
 .comment       0x00000023       0x24 C:/devkitPro/devkitARM/bin/../lib/gcc/arm-none-eabi/14.2.0/../../../../arm-none-eabi/lib\libg.a(libc_a-strncpy.o)
 .comment       0x00000023       0x24 C:/devkitPro/devkitARM/bin/../lib/gcc/arm-none-eabi/14.2.0/../../../../arm-none-eabi/lib\libg.a(libc_a-strtoull.o)
 .comment       0x00000023       0x24 C:/devkitPro/devkitARM/bin/../lib/gcc/arm-none-eabi/14.2.0/../../../../arm-none-eabi/lib\libg.a(libc_a-wcsrtombs.o)
 .comment       0x00000023       0x24 C:/devkitPro/devkitARM/bin/../lib/gcc/arm-none-eabi/14.2.0/../../../../arm-none-eabi/lib\libg.a(libc_a-svfiprintf.o)
 .comment       0x00000023       0x24 C:/devkitPro/devkitARM/bin/../lib/gcc/arm-none-eabi/14.2.0/../../../../arm-none-eabi/lib\libg.a(libc_a-mbrtowc.o)
 .comment       0x00000023       0x24 C:/devkitPro/devkitARM/bin/../lib/gcc/arm-none-eabi/14.2.0/../../../../arm-none-eabi/lib\libg.a(libc_a-wsetup.o)
 .comment       0x00000023       0x24 C:/devkitPro/devkitARM/bin/../lib/gcc/arm-none-eabi/14.2.0/../../../../arm-none-eabi/lib\libg.a(libc_a-ungetc.o)
 .comment       0x00000023       0x24 C:/devkitPro/devkitARM/bin/../lib/gcc/arm-none-eabi/14.2.0/../../../../arm-none-eabi/lib\libg.a(libc_a-memmove.o)
 .comment       0x00000023       0x24 C:/devkitPro/devkitARM/bin/../lib/gcc/arm-none-eabi/14.2.0/../../../../arm-none-eabi/lib\libg.a(libc_a-iswspace_l.o)
 .comment       0x00000023       0x24 C:/devkitPro/devkitARM/bin/../lib/gcc/arm-none-eabi/14.2.0/../../../../arm-none-eabi/lib\libg.a(libc_a-fvwrite.o)
 .comment       0x00000023       0x24 C:/devkitPro/devkitARM/bin/../lib/gcc/arm-none-eabi/14.2.0/../../../../arm-none-eabi/lib\libg.a(libc_a-strtoll.o)
 .comment       0x00000023       0x24 C:/devkitPro/devkitARM/bin/../lib/gcc/arm-none-eabi/14.2.0/../../../../arm-none-eabi/lib\libg.a(libc_a-locale.o)
 .comment       0x00000023       0x24 C:/devkitPro/devkitARM/bin/../lib/gcc/arm-none-eabi/14.2.0/../../../../arm-none-eabi/lib\libg.a(libc_a-wcsnrtombs.o)
 .comment       0x00000023       0x24 C:/devkitPro/devkitARM/bin/../lib/gcc/arm-none-eabi/14.2.0/../../../../arm-none-eabi/lib\libg.a(libc_a-mbtowc_r.o)
 .comment       0x00000023       0x24 C:/devkitPro/devkitARM/bin/../lib/gcc/arm-none-eabi/14.2.0/../../../../arm-none-eabi/lib\libg.a(libc_a-fclose.o)
 .comment       0x00000023       0x24 C:/devkitPro/devkitARM/bin/../lib/gcc/arm-none-eabi/14.2.0/../../../../arm-none-eabi/lib\libg.a(libc_a-categories.o)
 .comment       0x00000023       0x24 C:/devkitPro/devkitARM/bin/../lib/gcc/arm-none-eabi/14.2.0/../../../../arm-none-eabi/lib\libg.a(libc_a-wctomb_r.o)
 .comment       0x00000023       0x24 C:/devkitPro/devkitARM/bin/../lib/gcc/arm-none-eabi/14.2.0/../../../../arm-none-eabi/lib\libsysbase.a(libsysbase_libsysbase_a-_exit.o)
 .comment       0x00000023       0x24 C:/devkitPro/devkitARM/bin/../lib/gcc/arm-none-eabi/14.2.0/../../../../arm-none-eabi/lib\libsysbase.a(libsysbase_libsysbase_a-fstat.o)
 .comment       0x00000023       0x24 C:/devkitPro/devkitARM/bin/../lib/gcc/arm-none-eabi/14.2.0/../../../../arm-none-eabi/lib\libsysbase.a(libsysbase_libsysbase_a-getreent.o)
 .comment       0x00000023       0x24 C:/devkitPro/devkitARM/bin/../lib/gcc/arm-none-eabi/14.2.0/../../../../arm-none-eabi/lib\libsysbase.a(libsysbase_libsysbase_a-handle_manager.o)
 .comment       0x00000023       0x24 C:/devkitPro/devkitARM/bin/../lib/gcc/arm-none-eabi/14.2.0/../../../../arm-none-eabi/lib\libsysbase.a(libsysbase_libsysbase_a-iosupport.o)
 .comment       0x00000023       0x24 C:/devkitPro/devkitARM/bin/../lib/gcc/arm-none-eabi/14.2.0/../../../../arm-none-eabi/lib\libsysbase.a(libsysbase_libsysbase_a-isatty.o)
 .comment       0x00000023       0x24 C:/devkitPro/devkitARM/bin/../lib/gcc/arm-none-eabi/14.2.0/../../../../arm-none-eabi/lib\libsysbase.a(libsysbase_libsysbase_a-lseek.o)
 .comment       0x00000023       0x24 C:/devkitPro/devkitARM/bin/../lib/gcc/arm-none-eabi/14.2.0/../../../../arm-none-eabi/lib\libsysbase.a(libsysbase_libsysbase_a-malloc_vars.o)
 .comment       0x00000023       0x24 C:/devkitPro/devkitARM/bin/../lib/gcc/arm-none-eabi/14.2.0/../../../../arm-none-eabi/lib\libsysbase.a(libsysbase_libsysbase_a-read.o)
 .comment       0x00000023       0x24 C:/devkitPro/devkitARM/bin/../lib/gcc/arm-none-eabi/14.2.0/../../../../arm-none-eabi/lib\libsysbase.a(libsysbase_libsysbase_a-sbrk.o)
 .comment       0x00000023       0x24 C:/devkitPro/devkitARM/bin/../lib/gcc/arm-none-eabi/14.2.0/../../../../arm-none-eabi/lib\libsysbase.a(libsysbase_libsysbase_a-syscall_support.o)
 .comment       0x00000023       0x24 C:/devkitPro/devkitARM/bin/../lib/gcc/arm-none-eabi/14.2.0/../../../../arm-none-eabi/lib\libsysbase.a(libsysbase_libsysbase_a-write.o)
 .comment       0x00000023       0x24 C:/devkitPro/devkitARM/bin/../lib/gcc/arm-none-eabi/14.2.0/crtend.o

.gnu.build.attributes
 *(.gnu.build.attributes .gnu.build.attributes.*)

.debug
 *(.debug)

.line
 *(.line)

.debug_srcinfo
 *(.debug_srcinfo)

.debug_sfnames
 *(.debug_sfnames)

.debug_aranges  0x00000000      0x770
 *(.debug_aranges)
 .debug_aranges
                0x00000000       0x48 main.o
 .debug_aranges
                0x00000048       0x80 C:/devkitPro/libnds/lib\libnds9.a(console.o)
 .debug_aranges
                0x000000c8       0x50 C:/devkitPro/libnds/lib\libnds9.a(keys.o)
 .debug_aranges
                0x00000118       0x40 C:/devkitPro/libnds/lib\libnds9.a(background.o)
 .debug_aranges
                0x00000158       0x60 C:/devkitPro/libnds/lib\libnds9.a(trig.o)
 .debug_aranges
                0x000001b8       0x88 C:/devkitPro/calico/lib\libcalico_ds9.a(thread_cold.o)
 .debug_aranges
                0x00000240       0x50 C:/devkitPro/calico/lib\libcalico_ds9.a(thread_hot.32.o)
 .debug_aranges
                0x00000290       0x28 C:/devkitPro/calico/lib\libcalico_ds9.a(arm-context.32.o)
 .debug_aranges
                0x000002b8       0x70 C:/devkitPro/calico/lib\libcalico_ds9.a(arm-shims.32.o)
 .debug_aranges
                0x00000328       0x20 C:/devkitPro/calico/lib\libcalico_ds9.a(keypad.o)
 .debug_aranges
                0x00000348       0x38 C:/devkitPro/calico/lib\libcalico_ds9.a(bootstub_arm9.o)
 .debug_aranges
                0x00000380       0x20 C:/devkitPro/calico/lib\libcalico_ds9.a(excpt_handler.32.o)
 .debug_aranges
                0x000003a0       0x20 C:/devkitPro/calico/lib\libcalico_ds9.a(touch.o)
 .debug_aranges
                0x000003c0       0x50 C:/devkitPro/calico/lib\libcalico_ds9.a(tick.o)
 .debug_aranges
                0x00000410       0xa8 C:/devkitPro/calico/lib\libcalico_ds9.a(newlib_syscalls.o)
 .debug_aranges
                0x000004b8       0x28 C:/devkitPro/calico/lib\libcalico_ds9.a(startup.crt0.o)
 .debug_aranges
                0x000004e0       0x28 C:/devkitPro/calico/lib\libcalico_ds9.a(utils.crt0.o)
 .debug_aranges
                0x00000508       0x20 C:/devkitPro/calico/lib\libcalico_ds9.a(irq_handler.32.o)
 .debug_aranges
                0x00000528       0x78 C:/devkitPro/calico/lib\libcalico_ds9.a(pxi.o)
 .debug_aranges
                0x000005a0       0x20 C:/devkitPro/calico/lib\libcalico_ds9.a(mpu_setup.crt0.o)
 .debug_aranges
                0x000005c0       0x28 C:/devkitPro/calico/lib\libcalico_ds9.a(sys_startup.o)
 .debug_aranges
                0x000005e8       0x20 C:/devkitPro/calico/lib\libcalico_ds9.a(irq.o)
 .debug_aranges
                0x00000608       0x50 C:/devkitPro/calico/lib\libcalico_ds9.a(mutex.o)
 .debug_aranges
                0x00000658       0x30 C:/devkitPro/calico/lib\libcalico_ds9.a(mailbox.o)
 .debug_aranges
                0x00000688       0x48 C:/devkitPro/calico/lib\libcalico_ds9.a(arm-cache.32.o)
 .debug_aranges
                0x000006d0       0xa0 C:/devkitPro/calico/lib\libcalico_ds9.a(pm.o)

.debug_pubnames
 *(.debug_pubnames)

.debug_info     0x00000000    0x10968
 *(.debug_info .gnu.linkonce.wi.*)
 .debug_info    0x00000000     0x1509 main.o
 .debug_info    0x00001509     0x2aa7 C:/devkitPro/libnds/lib\libnds9.a(console.o)
 .debug_info    0x00003fb0      0x48a C:/devkitPro/libnds/lib\libnds9.a(keys.o)
 .debug_info    0x0000443a      0xa3e C:/devkitPro/libnds/lib\libnds9.a(background.o)
 .debug_info    0x00004e78      0x78f C:/devkitPro/libnds/lib\libnds9.a(trig.o)
 .debug_info    0x00005607     0x1f3f C:/devkitPro/calico/lib\libcalico_ds9.a(thread_cold.o)
 .debug_info    0x00007546     0x133c C:/devkitPro/calico/lib\libcalico_ds9.a(thread_hot.32.o)
 .debug_info    0x00008882       0x3b C:/devkitPro/calico/lib\libcalico_ds9.a(arm-context.32.o)
 .debug_info    0x000088bd      0x396 C:/devkitPro/calico/lib\libcalico_ds9.a(arm-shims.32.o)
 .debug_info    0x00008c53      0x1c1 C:/devkitPro/calico/lib\libcalico_ds9.a(keypad.o)
 .debug_info    0x00008e14       0x3e C:/devkitPro/calico/lib\libcalico_ds9.a(bootstub_arm9.o)
 .debug_info    0x00008e52       0x5d C:/devkitPro/calico/lib\libcalico_ds9.a(excpt_handler.32.o)
 .debug_info    0x00008eaf      0x26a C:/devkitPro/calico/lib\libcalico_ds9.a(touch.o)
 .debug_info    0x00009119      0xcb0 C:/devkitPro/calico/lib\libcalico_ds9.a(tick.o)
 .debug_info    0x00009dc9     0x15e3 C:/devkitPro/calico/lib\libcalico_ds9.a(newlib_syscalls.o)
 .debug_info    0x0000b3ac      0x462 C:/devkitPro/calico/lib\libcalico_ds9.a(startup.crt0.o)
 .debug_info    0x0000b80e       0x3b C:/devkitPro/calico/lib\libcalico_ds9.a(utils.crt0.o)
 .debug_info    0x0000b849       0x33 C:/devkitPro/calico/lib\libcalico_ds9.a(irq_handler.32.o)
 .debug_info    0x0000b87c     0x140d C:/devkitPro/calico/lib\libcalico_ds9.a(pxi.o)
 .debug_info    0x0000cc89       0x33 C:/devkitPro/calico/lib\libcalico_ds9.a(mpu_setup.crt0.o)
 .debug_info    0x0000ccbc      0x4fd C:/devkitPro/calico/lib\libcalico_ds9.a(sys_startup.o)
 .debug_info    0x0000d1b9      0x295 C:/devkitPro/calico/lib\libcalico_ds9.a(irq.o)
 .debug_info    0x0000d44e     0x10f2 C:/devkitPro/calico/lib\libcalico_ds9.a(mutex.o)
 .debug_info    0x0000e540      0x865 C:/devkitPro/calico/lib\libcalico_ds9.a(mailbox.o)
 .debug_info    0x0000eda5       0x67 C:/devkitPro/calico/lib\libcalico_ds9.a(arm-cache.32.o)
 .debug_info    0x0000ee0c     0x1b5c C:/devkitPro/calico/lib\libcalico_ds9.a(pm.o)

.debug_abbrev   0x00000000     0x3e62
 *(.debug_abbrev)
 .debug_abbrev  0x00000000      0x414 main.o
 .debug_abbrev  0x00000414      0x637 C:/devkitPro/libnds/lib\libnds9.a(console.o)
 .debug_abbrev  0x00000a4b      0x274 C:/devkitPro/libnds/lib\libnds9.a(keys.o)
 .debug_abbrev  0x00000cbf      0x354 C:/devkitPro/libnds/lib\libnds9.a(background.o)
 .debug_abbrev  0x00001013      0x26d C:/devkitPro/libnds/lib\libnds9.a(trig.o)
 .debug_abbrev  0x00001280      0x578 C:/devkitPro/calico/lib\libcalico_ds9.a(thread_cold.o)
 .debug_abbrev  0x000017f8      0x36e C:/devkitPro/calico/lib\libcalico_ds9.a(thread_hot.32.o)
 .debug_abbrev  0x00001b66       0x26 C:/devkitPro/calico/lib\libcalico_ds9.a(arm-context.32.o)
 .debug_abbrev  0x00001b8c      0x1b9 C:/devkitPro/calico/lib\libcalico_ds9.a(arm-shims.32.o)
 .debug_abbrev  0x00001d45       0xca C:/devkitPro/calico/lib\libcalico_ds9.a(keypad.o)
 .debug_abbrev  0x00001e0f       0x26 C:/devkitPro/calico/lib\libcalico_ds9.a(bootstub_arm9.o)
 .debug_abbrev  0x00001e35       0x26 C:/devkitPro/calico/lib\libcalico_ds9.a(excpt_handler.32.o)
 .debug_abbrev  0x00001e5b      0x114 C:/devkitPro/calico/lib\libcalico_ds9.a(touch.o)
 .debug_abbrev  0x00001f6f      0x32a C:/devkitPro/calico/lib\libcalico_ds9.a(tick.o)
 .debug_abbrev  0x00002299      0x491 C:/devkitPro/calico/lib\libcalico_ds9.a(newlib_syscalls.o)
 .debug_abbrev  0x0000272a      0x1d0 C:/devkitPro/calico/lib\libcalico_ds9.a(startup.crt0.o)
 .debug_abbrev  0x000028fa       0x26 C:/devkitPro/calico/lib\libcalico_ds9.a(utils.crt0.o)
 .debug_abbrev  0x00002920       0x28 C:/devkitPro/calico/lib\libcalico_ds9.a(irq_handler.32.o)
 .debug_abbrev  0x00002948      0x43a C:/devkitPro/calico/lib\libcalico_ds9.a(pxi.o)
 .debug_abbrev  0x00002d82       0x28 C:/devkitPro/calico/lib\libcalico_ds9.a(mpu_setup.crt0.o)
 .debug_abbrev  0x00002daa      0x1e8 C:/devkitPro/calico/lib\libcalico_ds9.a(sys_startup.o)
 .debug_abbrev  0x00002f92      0x1c2 C:/devkitPro/calico/lib\libcalico_ds9.a(irq.o)
 .debug_abbrev  0x00003154      0x3b9 C:/devkitPro/calico/lib\libcalico_ds9.a(mutex.o)
 .debug_abbrev  0x0000350d      0x2a9 C:/devkitPro/calico/lib\libcalico_ds9.a(mailbox.o)
 .debug_abbrev  0x000037b6       0x26 C:/devkitPro/calico/lib\libcalico_ds9.a(arm-cache.32.o)
 .debug_abbrev  0x000037dc      0x686 C:/devkitPro/calico/lib\libcalico_ds9.a(pm.o)

.debug_line     0x00000000     0xa22b
 *(.debug_line .debug_line.* .debug_line_end)
 .debug_line    0x00000000      0xc81 main.o
 .debug_line    0x00000c81     0x167e C:/devkitPro/libnds/lib\libnds9.a(console.o)
 .debug_line    0x000022ff      0x459 C:/devkitPro/libnds/lib\libnds9.a(keys.o)
 .debug_line    0x00002758      0x63d C:/devkitPro/libnds/lib\libnds9.a(background.o)
 .debug_line    0x00002d95      0x788 C:/devkitPro/libnds/lib\libnds9.a(trig.o)
 .debug_line    0x0000351d      0xe43 C:/devkitPro/calico/lib\libcalico_ds9.a(thread_cold.o)
 .debug_line    0x00004360     0x106c C:/devkitPro/calico/lib\libcalico_ds9.a(thread_hot.32.o)
 .debug_line    0x000053cc       0x69 C:/devkitPro/calico/lib\libcalico_ds9.a(arm-context.32.o)
 .debug_line    0x00005435      0x2a4 C:/devkitPro/calico/lib\libcalico_ds9.a(arm-shims.32.o)
 .debug_line    0x000056d9      0x16f C:/devkitPro/calico/lib\libcalico_ds9.a(keypad.o)
 .debug_line    0x00005848       0xf4 C:/devkitPro/calico/lib\libcalico_ds9.a(bootstub_arm9.o)
 .debug_line    0x0000593c       0x66 C:/devkitPro/calico/lib\libcalico_ds9.a(excpt_handler.32.o)
 .debug_line    0x000059a2      0x194 C:/devkitPro/calico/lib\libcalico_ds9.a(touch.o)
 .debug_line    0x00005b36      0xa32 C:/devkitPro/calico/lib\libcalico_ds9.a(tick.o)
 .debug_line    0x00006568      0x795 C:/devkitPro/calico/lib\libcalico_ds9.a(newlib_syscalls.o)
 .debug_line    0x00006cfd      0x396 C:/devkitPro/calico/lib\libcalico_ds9.a(startup.crt0.o)
 .debug_line    0x00007093       0x7d C:/devkitPro/calico/lib\libcalico_ds9.a(utils.crt0.o)
 .debug_line    0x00007110       0x92 C:/devkitPro/calico/lib\libcalico_ds9.a(irq_handler.32.o)
 .debug_line    0x000071a2      0x97b C:/devkitPro/calico/lib\libcalico_ds9.a(pxi.o)
 .debug_line    0x00007b1d       0x6e C:/devkitPro/calico/lib\libcalico_ds9.a(mpu_setup.crt0.o)
 .debug_line    0x00007b8b      0x46b C:/devkitPro/calico/lib\libcalico_ds9.a(sys_startup.o)
 .debug_line    0x00007ff6      0x26e C:/devkitPro/calico/lib\libcalico_ds9.a(irq.o)
 .debug_line    0x00008264      0xc8c C:/devkitPro/calico/lib\libcalico_ds9.a(mutex.o)
 .debug_line    0x00008ef0      0x4ce C:/devkitPro/calico/lib\libcalico_ds9.a(mailbox.o)
 .debug_line    0x000093be       0xb2 C:/devkitPro/calico/lib\libcalico_ds9.a(arm-cache.32.o)
 .debug_line    0x00009470      0xdbb C:/devkitPro/calico/lib\libcalico_ds9.a(pm.o)

.debug_frame    0x00000000     0x10ac
 *(.debug_frame)
 .debug_frame   0x00000000       0xb8 main.o
 .debug_frame   0x000000b8      0x18c C:/devkitPro/libnds/lib\libnds9.a(console.o)
 .debug_frame   0x00000244       0x98 C:/devkitPro/libnds/lib\libnds9.a(keys.o)
 .debug_frame   0x000002dc       0xbc C:/devkitPro/libnds/lib\libnds9.a(background.o)
 .debug_frame   0x00000398       0xd8 C:/devkitPro/libnds/lib\libnds9.a(trig.o)
 .debug_frame   0x00000470      0x184 C:/devkitPro/calico/lib\libcalico_ds9.a(thread_cold.o)
 .debug_frame   0x000005f4      0x10c C:/devkitPro/calico/lib\libcalico_ds9.a(thread_hot.32.o)
 .debug_frame   0x00000700       0x30 C:/devkitPro/calico/lib\libcalico_ds9.a(arm-context.32.o)
 .debug_frame   0x00000730       0xc0 C:/devkitPro/calico/lib\libcalico_ds9.a(arm-shims.32.o)
 .debug_frame   0x000007f0       0x20 C:/devkitPro/calico/lib\libcalico_ds9.a(keypad.o)
 .debug_frame   0x00000810       0x30 C:/devkitPro/calico/lib\libcalico_ds9.a(bootstub_arm9.o)
 .debug_frame   0x00000840       0x28 C:/devkitPro/calico/lib\libcalico_ds9.a(touch.o)
 .debug_frame   0x00000868       0xdc C:/devkitPro/calico/lib\libcalico_ds9.a(tick.o)
 .debug_frame   0x00000944      0x194 C:/devkitPro/calico/lib\libcalico_ds9.a(newlib_syscalls.o)
 .debug_frame   0x00000ad8       0x68 C:/devkitPro/calico/lib\libcalico_ds9.a(startup.crt0.o)
 .debug_frame   0x00000b40       0x30 C:/devkitPro/calico/lib\libcalico_ds9.a(utils.crt0.o)
 .debug_frame   0x00000b70       0x20 C:/devkitPro/calico/lib\libcalico_ds9.a(irq_handler.32.o)
 .debug_frame   0x00000b90      0x158 C:/devkitPro/calico/lib\libcalico_ds9.a(pxi.o)
 .debug_frame   0x00000ce8       0x20 C:/devkitPro/calico/lib\libcalico_ds9.a(mpu_setup.crt0.o)
 .debug_frame   0x00000d08       0x38 C:/devkitPro/calico/lib\libcalico_ds9.a(sys_startup.o)
 .debug_frame   0x00000d40       0x28 C:/devkitPro/calico/lib\libcalico_ds9.a(irq.o)
 .debug_frame   0x00000d68       0xe4 C:/devkitPro/calico/lib\libcalico_ds9.a(mutex.o)
 .debug_frame   0x00000e4c       0x60 C:/devkitPro/calico/lib\libcalico_ds9.a(mailbox.o)
 .debug_frame   0x00000eac       0x70 C:/devkitPro/calico/lib\libcalico_ds9.a(arm-cache.32.o)
 .debug_frame   0x00000f1c      0x190 C:/devkitPro/calico/lib\libcalico_ds9.a(pm.o)

.debug_str      0x00000000     0x37bb
 *(.debug_str)
 .debug_str     0x00000000     0x37bb main.o
                                0xb33 (size before relaxing)
 .debug_str     0x000037bb     0x12f6 C:/devkitPro/libnds/lib\libnds9.a(console.o)
 .debug_str     0x000037bb      0x2eb C:/devkitPro/libnds/lib\libnds9.a(keys.o)
 .debug_str     0x000037bb      0x76c C:/devkitPro/libnds/lib\libnds9.a(background.o)
 .debug_str     0x000037bb      0x2d5 C:/devkitPro/libnds/lib\libnds9.a(trig.o)
 .debug_str     0x000037bb      0x9c2 C:/devkitPro/calico/lib\libcalico_ds9.a(thread_cold.o)
 .debug_str     0x000037bb      0x4c8 C:/devkitPro/calico/lib\libcalico_ds9.a(thread_hot.32.o)
 .debug_str     0x000037bb       0xae C:/devkitPro/calico/lib\libcalico_ds9.a(arm-context.32.o)
 .debug_str     0x000037bb      0x245 C:/devkitPro/calico/lib\libcalico_ds9.a(arm-shims.32.o)
 .debug_str     0x000037bb      0x25f C:/devkitPro/calico/lib\libcalico_ds9.a(keypad.o)
 .debug_str     0x000037bb       0xbd C:/devkitPro/calico/lib\libcalico_ds9.a(bootstub_arm9.o)
 .debug_str     0x000037bb       0xe7 C:/devkitPro/calico/lib\libcalico_ds9.a(excpt_handler.32.o)
 .debug_str     0x000037bb      0x282 C:/devkitPro/calico/lib\libcalico_ds9.a(touch.o)
 .debug_str     0x000037bb      0x375 C:/devkitPro/calico/lib\libcalico_ds9.a(tick.o)
 .debug_str     0x000037bb      0xb46 C:/devkitPro/calico/lib\libcalico_ds9.a(newlib_syscalls.o)
 .debug_str     0x000037bb      0x32e C:/devkitPro/calico/lib\libcalico_ds9.a(startup.crt0.o)
 .debug_str     0x000037bb       0xb5 C:/devkitPro/calico/lib\libcalico_ds9.a(utils.crt0.o)
 .debug_str     0x000037bb       0xa0 C:/devkitPro/calico/lib\libcalico_ds9.a(irq_handler.32.o)
 .debug_str     0x000037bb      0x960 C:/devkitPro/calico/lib\libcalico_ds9.a(pxi.o)
 .debug_str     0x000037bb       0xa2 C:/devkitPro/calico/lib\libcalico_ds9.a(mpu_setup.crt0.o)
 .debug_str     0x000037bb      0x37a C:/devkitPro/calico/lib\libcalico_ds9.a(sys_startup.o)
 .debug_str     0x000037bb      0x20a C:/devkitPro/calico/lib\libcalico_ds9.a(irq.o)
 .debug_str     0x000037bb      0x509 C:/devkitPro/calico/lib\libcalico_ds9.a(mutex.o)
 .debug_str     0x000037bb      0x37b C:/devkitPro/calico/lib\libcalico_ds9.a(mailbox.o)
 .debug_str     0x000037bb      0x102 C:/devkitPro/calico/lib\libcalico_ds9.a(arm-cache.32.o)
 .debug_str     0x000037bb      0xd3c C:/devkitPro/calico/lib\libcalico_ds9.a(pm.o)

.debug_loc
 *(.debug_loc)

.debug_macinfo
 *(.debug_macinfo)

.debug_weaknames
 *(.debug_weaknames)

.debug_funcnames
 *(.debug_funcnames)

.debug_typenames
 *(.debug_typenames)

.debug_varnames
 *(.debug_varnames)

.debug_pubtypes
 *(.debug_pubtypes)

.debug_ranges
 *(.debug_ranges)

.debug_macro
 *(.debug_macro)

.debug_addr
 *(.debug_addr)

.ARM.attributes
                0x00000000       0x27
 *(.ARM.attributes)
 .ARM.attributes
                0x00000000       0x1c C:/devkitPro/devkitARM/bin/../lib/gcc/arm-none-eabi/14.2.0/crti.o
 .ARM.attributes
                0x0000001c       0x2a C:/devkitPro/devkitARM/bin/../lib/gcc/arm-none-eabi/14.2.0/crtbegin.o
 .ARM.attributes
                0x00000046       0x2b main.o
 .ARM.attributes
                0x00000071       0x2b C:/devkitPro/libnds/lib\libnds9.a(console.o)
 .ARM.attributes
                0x0000009c       0x2b C:/devkitPro/libnds/lib\libnds9.a(keys.o)
 .ARM.attributes
                0x000000c7       0x1b C:/devkitPro/libnds/lib\libnds9.a(default_font.bin.o)
 .ARM.attributes
                0x000000e2       0x2b C:/devkitPro/libnds/lib\libnds9.a(background.o)
 .ARM.attributes
                0x0000010d       0x2b C:/devkitPro/libnds/lib\libnds9.a(trig.o)
 .ARM.attributes
                0x00000138       0x2b C:/devkitPro/calico/lib\libcalico_ds9.a(thread_cold.o)
 .ARM.attributes
                0x00000163       0x2b C:/devkitPro/calico/lib\libcalico_ds9.a(thread_hot.32.o)
 .ARM.attributes
                0x0000018e       0x1b C:/devkitPro/calico/lib\libcalico_ds9.a(arm-copy-fill.32.o)
 .ARM.attributes